Component: ARM Compiler 5.06 update 2 (build 183) Tool: armlink [4d35b7]

==============================================================================

Section Cross References

    stm32f3xx_hal_uart.o(i.HAL_HalfDuplex_Init) refers to stm32f3xx_hal_msp.o(i.HAL_UART_MspInit) for HAL_UART_MspInit
    stm32f3xx_hal_uart.o(i.HAL_HalfDuplex_Init) refers to stm32f3xx_hal_uart.o(i.UART_SetConfig) for UART_SetConfig
    stm32f3xx_hal_uart.o(i.HAL_HalfDuplex_Init) refers to stm32f3xx_hal_uart.o(i.UART_AdvFeatureConfig) for UART_AdvFeatureConfig
    stm32f3xx_hal_uart.o(i.HAL_HalfDuplex_Init) refers to stm32f3xx_hal_uart.o(i.UART_CheckIdleState) for UART_CheckIdleState
    stm32f3xx_hal_uart.o(i.HAL_LIN_Init) refers to stm32f3xx_hal_msp.o(i.HAL_UART_MspInit) for HAL_UART_MspInit
    stm32f3xx_hal_uart.o(i.HAL_LIN_Init) refers to stm32f3xx_hal_uart.o(i.UART_SetConfig) for UART_SetConfig
    stm32f3xx_hal_uart.o(i.HAL_LIN_Init) refers to stm32f3xx_hal_uart.o(i.UART_AdvFeatureConfig) for UART_AdvFeatureConfig
    stm32f3xx_hal_uart.o(i.HAL_LIN_Init) refers to stm32f3xx_hal_uart.o(i.UART_CheckIdleState) for UART_CheckIdleState
    stm32f3xx_hal_uart.o(i.HAL_MultiProcessor_DisableMuteMode) refers to stm32f3xx_hal_uart.o(i.UART_CheckIdleState) for UART_CheckIdleState
    stm32f3xx_hal_uart.o(i.HAL_MultiProcessor_EnableMuteMode) refers to stm32f3xx_hal_uart.o(i.UART_CheckIdleState) for UART_CheckIdleState
    stm32f3xx_hal_uart.o(i.HAL_MultiProcessor_Init) refers to stm32f3xx_hal_msp.o(i.HAL_UART_MspInit) for HAL_UART_MspInit
    stm32f3xx_hal_uart.o(i.HAL_MultiProcessor_Init) refers to stm32f3xx_hal_uart.o(i.UART_SetConfig) for UART_SetConfig
    stm32f3xx_hal_uart.o(i.HAL_MultiProcessor_Init) refers to stm32f3xx_hal_uart.o(i.UART_AdvFeatureConfig) for UART_AdvFeatureConfig
    stm32f3xx_hal_uart.o(i.HAL_MultiProcessor_Init) refers to stm32f3xx_hal_uart.o(i.UART_CheckIdleState) for UART_CheckIdleState
    stm32f3xx_hal_uart.o(i.HAL_UART_DMAStop) refers to stm32f3xx_hal_dma.o(i.HAL_DMA_Abort) for HAL_DMA_Abort
    stm32f3xx_hal_uart.o(i.HAL_UART_DeInit) refers to stm32f3xx_hal_msp.o(i.HAL_UART_MspDeInit) for HAL_UART_MspDeInit
    stm32f3xx_hal_uart.o(i.HAL_UART_IRQHandler) refers to stm32f3xx_hal_uart_ex.o(i.HAL_UARTEx_WakeupCallback) for HAL_UARTEx_WakeupCallback
    stm32f3xx_hal_uart.o(i.HAL_UART_IRQHandler) refers to stm32f3xx_hal_uart.o(i.UART_Receive_IT) for UART_Receive_IT
    stm32f3xx_hal_uart.o(i.HAL_UART_IRQHandler) refers to stm32f3xx_hal_uart.o(i.UART_Transmit_IT) for UART_Transmit_IT
    stm32f3xx_hal_uart.o(i.HAL_UART_IRQHandler) refers to stm32f3xx_hal_uart.o(i.UART_EndTransmit_IT) for UART_EndTransmit_IT
    stm32f3xx_hal_uart.o(i.HAL_UART_IRQHandler) refers to stm32f3xx_hal_uart.o(i.HAL_UART_ErrorCallback) for HAL_UART_ErrorCallback
    stm32f3xx_hal_uart.o(i.HAL_UART_Init) refers to stm32f3xx_hal_msp.o(i.HAL_UART_MspInit) for HAL_UART_MspInit
    stm32f3xx_hal_uart.o(i.HAL_UART_Init) refers to stm32f3xx_hal_uart.o(i.UART_SetConfig) for UART_SetConfig
    stm32f3xx_hal_uart.o(i.HAL_UART_Init) refers to stm32f3xx_hal_uart.o(i.UART_AdvFeatureConfig) for UART_AdvFeatureConfig
    stm32f3xx_hal_uart.o(i.HAL_UART_Init) refers to stm32f3xx_hal_uart.o(i.UART_CheckIdleState) for UART_CheckIdleState
    stm32f3xx_hal_uart.o(i.HAL_UART_Receive) refers to stm32f3xx_hal_uart.o(i.UART_WaitOnFlagUntilTimeout) for UART_WaitOnFlagUntilTimeout
    stm32f3xx_hal_uart.o(i.HAL_UART_Receive_DMA) refers to stm32f3xx_hal_dma.o(i.HAL_DMA_Start_IT) for HAL_DMA_Start_IT
    stm32f3xx_hal_uart.o(i.HAL_UART_Receive_DMA) refers to stm32f3xx_hal_uart.o(i.UART_DMAReceiveCplt) for UART_DMAReceiveCplt
    stm32f3xx_hal_uart.o(i.HAL_UART_Receive_DMA) refers to stm32f3xx_hal_uart.o(i.UART_DMARxHalfCplt) for UART_DMARxHalfCplt
    stm32f3xx_hal_uart.o(i.HAL_UART_Receive_DMA) refers to stm32f3xx_hal_uart.o(i.UART_DMAError) for UART_DMAError
    stm32f3xx_hal_uart.o(i.HAL_UART_Transmit) refers to stm32f3xx_hal_uart.o(i.UART_WaitOnFlagUntilTimeout) for UART_WaitOnFlagUntilTimeout
    stm32f3xx_hal_uart.o(i.HAL_UART_Transmit_DMA) refers to stm32f3xx_hal_dma.o(i.HAL_DMA_Start_IT) for HAL_DMA_Start_IT
    stm32f3xx_hal_uart.o(i.HAL_UART_Transmit_DMA) refers to stm32f3xx_hal_uart.o(i.UART_DMATransmitCplt) for UART_DMATransmitCplt
    stm32f3xx_hal_uart.o(i.HAL_UART_Transmit_DMA) refers to stm32f3xx_hal_uart.o(i.UART_DMATxHalfCplt) for UART_DMATxHalfCplt
    stm32f3xx_hal_uart.o(i.HAL_UART_Transmit_DMA) refers to stm32f3xx_hal_uart.o(i.UART_DMAError) for UART_DMAError
    stm32f3xx_hal_uart.o(i.UART_CheckIdleState) refers to stm32f3xx_hal_uart.o(i.UART_WaitOnFlagUntilTimeout) for UART_WaitOnFlagUntilTimeout
    stm32f3xx_hal_uart.o(i.UART_DMAError) refers to stm32f3xx_hal_uart.o(i.HAL_UART_ErrorCallback) for HAL_UART_ErrorCallback
    stm32f3xx_hal_uart.o(i.UART_DMAReceiveCplt) refers to stm32f3xx_hal_uart.o(i.HAL_UART_RxCpltCallback) for HAL_UART_RxCpltCallback
[...]
    acName1008                               0x08008cba   Data          12  objectlist.o(.constdata)
    acName1008_0                             0x08008cc6   Data          12  objectlist.o(.constdata)
    acName1009                               0x08008cd2   Data          17  objectlist.o(.constdata)
    acName1009_0                             0x08008ce3   Data          17  objectlist.o(.constdata)
    acName100A                               0x08008cf4   Data          17  objectlist.o(.constdata)
    acName100A_0                             0x08008d05   Data          17  objectlist.o(.constdata)
    acName1018                               0x08008d16   Data          16  objectlist.o(.constdata)
    acName1018_00                            0x08008d26   Data          19  objectlist.o(.constdata)
    acName1018_01                            0x08008d39   Data          10  objectlist.o(.constdata)
    acName1018_02                            0x08008d43   Data          13  objectlist.o(.constdata)
    acName1018_03                            0x08008d50   Data          16  objectlist.o(.constdata)
    acName1018_04                            0x08008d60   Data          14  objectlist.o(.constdata)
    acName1600                               0x08008d6e   Data          15  objectlist.o(.constdata)
    acName1600_00                            0x08008d7d   Data          19  objectlist.o(.constdata)
    acName1600_01                            0x08008d90   Data           5  objectlist.o(.constdata)
    acName1600_02                            0x08008d95   Data           8  objectlist.o(.constdata)
    acName1A00                               0x08008d9d   Data           5  objectlist.o(.constdata)
    acName1A00_00                            0x08008da2   Data          19  objectlist.o(.constdata)
    acName1A00_01                            0x08008db5   Data          15  objectlist.o(.constdata)
    acName1A00_02                            0x08008dc4   Data          15  objectlist.o(.constdata)
    acName1A00_03                            0x08008dd3   Data          15  objectlist.o(.constdata)
    acName1A00_04                            0x08008de2   Data          11  objectlist.o(.constdata)
    acName1A00_05                            0x08008ded   Data          11  objectlist.o(.constdata)
    acName1A00_06                            0x08008df8   Data          11  objectlist.o(.constdata)
    acName1A00_07                            0x08008e03   Data          14  objectlist.o(.constdata)
    acName1A00_08                            0x08008e11   Data           8  objectlist.o(.constdata)
    acName1A01                               0x08008e19   Data           5  objectlist.o(.constdata)
    acName1A01_00                            0x08008e1e   Data          19  objectlist.o(.constdata)
    acName1A01_01                            0x08008e31   Data          15  objectlist.o(.constdata)
    acName1A01_02                            0x08008e40   Data          15  objectlist.o(.constdata)
    acName1A01_03                            0x08008e4f   Data          15  objectlist.o(.constdata)
    acName1A01_04                            0x08008e5e   Data          11  objectlist.o(.constdata)
    acName1A01_05                            0x08008e69   Data          11  objectlist.o(.constdata)
    acName1A01_06                            0x08008e74   Data          11  objectlist.o(.constdata)
    acName1A01_07                            0x08008e7f   Data          14  objectlist.o(.constdata)
    acName1A01_08                            0x08008e8d   Data           8  objectlist.o(.constdata)
    acName1C00                               0x08008e95   Data          32  objectlist.o(.constdata)
    acName1C00_00                            0x08008eb5   Data          19  objectlist.o(.constdata)
    acName1C00_01                            0x08008ec8   Data          24  objectlist.o(.constdata)
    acName1C00_02                            0x08008ee0   Data          24  objectlist.o(.constdata)
    acName1C00_03                            0x08008ef8   Data          24  objectlist.o(.constdata)
    acName1C00_04                            0x08008f10   Data          24  objectlist.o(.constdata)
    acName1C12                               0x08008f28   Data          30  objectlist.o(.constdata)
    acName1C12_00                            0x08008f46   Data          19  objectlist.o(.constdata)
    acName1C12_01                            0x08008f59   Data          12  objectlist.o(.constdata)
    acName1C13                               0x08008f65   Data          30  objectlist.o(.constdata)
    acName1C13_00                            0x08008f83   Data          19  objectlist.o(.constdata)
    acName1C13_01                            0x08008f96   Data          12  objectlist.o(.constdata)
    acName1C13_02                            0x08008fa2   Data          12  objectlist.o(.constdata)
    acName6000                               0x08008fae   Data           5  objectlist.o(.constdata)
    acName6000_00                            0x08008fb3   Data          19  objectlist.o(.constdata)
    acName6000_01                            0x08008fc6   Data          15  objectlist.o(.constdata)
    acName6000_02                            0x08008fd5   Data          15  objectlist.o(.constdata)
    acName6000_03                            0x08008fe4   Data          15  objectlist.o(.constdata)
    acName6000_04                            0x08008ff3   Data          11  objectlist.o(.constdata)
    acName6000_05                            0x08008ffe   Data          11  objectlist.o(.constdata)
    acName6000_06                            0x08009009   Data          11  objectlist.o(.constdata)
    acName6000_07                            0x08009014   Data          14  objectlist.o(.constdata)
    acName6001                               0x08009022   Data           5  objectlist.o(.constdata)
    acName6001_00                            0x08009027   Data          19  objectlist.o(.constdata)
    acName6001_01                            0x0800903a   Data          15  objectlist.o(.constdata)
    acName6001_02                            0x08009049   Data          15  objectlist.o(.constdata)
    acName6001_03                            0x08009058   Data          15  objectlist.o(.constdata)
    acName6001_04                            0x08009067   Data          11  objectlist.o(.constdata)
    acName6001_05                            0x08009072   Data          11  objectlist.o(.constdata)
    acName6001_06                            0x0800907d   Data          11  objectlist.o(.constdata)
    acName6001_07                            0x08009088   Data          14  objectlist.o(.constdata)
    acName7000                               0x08009096   Data          15  objectlist.o(.constdata)
    acName7000_00                            0x080090a5   Data          19  objectlist.o(.constdata)
    acName7000_01                            0x080090b8   Data           5  objectlist.o(.constdata)
    acName8000                               0x080090bd   Data          12  objectlist.o(.constdata)
    acName8000_00                            0x080090c9   Data          19  objectlist.o(.constdata)
    acName8000_01                            0x080090dc   Data          14  objectlist.o(.constdata)
    acName8000_02                            0x080090ea   Data          10  objectlist.o(.constdata)
    .constdata                               0x08009698   Section       24  system_stm32f3xx.o(.constdata)
    .conststring                             0x080096b0   Section       26  objectlist.o(.conststring)
    .data                                    0x20000000   Section        4  stm32f3xx_hal.o(.data)
    .data                                    0x20000004   Section        9  driverhwecatticktimer.o(.data)
    .data                                    0x2000000e   Section        4  driverhweeprom.o(.data)
    .data                                    0x20000014   Section       16  driverhwlaninterrupt.o(.data)
    .data                                    0x20000024   Section       18  driverswlan9252.o(.data)
    .data                                    0x20000038   Section        8  driverswmpu9250.o(.data)
    .data                                    0x20000040   Section       10  driverswstoragemanager.o(.data)
    .data                                    0x2000004c   Section        4  esc.o(.data)
    esc_cfg                                  0x2000004c   Data           4  esc.o(.data)
    .data                                    0x20000050   Section       40  middlesoes.o(.data)
    .data                                    0x20000078   Section        1  usbd_ctlreq.o(.data)
    cfgidx                                   0x20000078   Data           1  usbd_ctlreq.o(.data)
    .data                                    0x2000007c   Section       26  middlempu.o(.data)
    IMUPresentLastState                      0x20000094   Data           2  middlempu.o(.data)
    .data                                    0x20000096   Section        2  modconfig.o(.data)
    .data                                    0x20000098   Section        8  moddelay.o(.data)
    hmsCnt                                   0x20000098   Data           4  moddelay.o(.data)
    msTicks                                  0x2000009c   Data           4  moddelay.o(.data)
    .data                                    0x200000a0   Section       37  modeffect.o(.data)
    lastTick                                 0x200000a8   Data           4  modeffect.o(.data)
    LEDOnState                               0x200000ac   Data           1  modeffect.o(.data)
    lastTick                                 0x200000b0   Data           4  modeffect.o(.data)
    LEDOnState                               0x200000b4   Data           1  modeffect.o(.data)
    lastTick                                 0x200000b8   Data           4  modeffect.o(.data)
    LEDOnState                               0x200000bc   Data           1  modeffect.o(.data)
    lastTick                                 0x200000c0   Data           4  modeffect.o(.data)
    LEDOnState                               0x200000c4   Data           1  modeffect.o(.data)
    .data                                    0x200000c8   Section        4  system_stm32f3xx.o(.data)
    .data                                    0x200000cc   Section        8  main.o(.data)
    .data                                    0x200000d4   Section        4  mvars.o(.data)
    .data                                    0x200000d8   Section        4  mvars.o(.data)
    .bss                                     0x200000e0   Section       32  stm32f3xx_hal_flash.o(.bss)
    .bss                                     0x20000100   Section       60  driverhwecatticktimer.o(.bss)
    .bss                                     0x2000013c   Section      100  driverhwspi1.o(.bss)
    .bss                                     0x200001a0   Section      100  driverhwspi3.o(.bss)
    .bss                                     0x20000204   Section     1480  usbd_conf.o(.bss)
    mem                                      0x200005ac   Data         544  usbd_conf.o(.bss)
    .bss                                     0x200007cc   Section      510  middlesoes.o(.bss)
    .bss                                     0x200009cc   Section       88  middlempu.o(.bss)
    .bss                                     0x20000a24   Section       88  main.o(.bss)
    HEAP                                     0x20000a80   Section      512  startup_stm32f303xe.o(HEAP)
    STACK                                    0x20000c80   Section     1024  startup_stm32f303xe.o(STACK)

    Global Symbols

    Symbol Name                              Value     Ov Type        Size  Object(Section)

    BuildAttributes$$THM_ISAv4$E$P$D$K$B$S$7EM$VFPi3$EXTD16$VFPS$VFMA$PE$A:L22UL41UL21$X:L11$S22US41US21$IEEE1$IW$USESV6$~STKCKD$USESV7$~SHL$OSPACE$EBA8$MICROLIB$REQ8$PRES8$EABIv2 0x00000000   Number         0  anon$$obj.o ABSOLUTE
    __ARM_use_no_argv                        0x00000000   Number         0  main.o ABSOLUTE
    __cpp_initialize__aeabi_                  - Undefined Weak Reference
    __cxa_finalize                            - Undefined Weak Reference
    __decompress                              - Undefined Weak Reference
    _clock_init                               - Undefined Weak Reference
    _microlib_exit                            - Undefined Weak Reference
    __Vectors_Size                           0x00000194   Number         0  startup_stm32f303xe.o ABSOLUTE
    __Vectors                                0x08000000   Data           4  startup_stm32f303xe.o(RESET)
    __Vectors_End                            0x08000194   Data           0  startup_stm32f303xe.o(RESET)
    __main                                   0x08000195   Thumb Code     0  entry.o(.ARM.Collect$$$$00000000)
    _main_stk                                0x08000195   Thumb Code     0  entry2.o(.ARM.Collect$$$$00000001)
    _main_scatterload                        0x08000199   Thumb Code     0  entry5.o(.ARM.Collect$$$$00000004)
    __main_after_scatterload                 0x0800019d   Thumb Code     0  entry5.o(.ARM.Collect$$$$00000004)
    _main_clock                              0x0800019d   Thumb Code     0  entry7b.o(.ARM.Collect$$$$00000008)
    _main_cpp_init                           0x0800019d   Thumb Code     0  entry8b.o(.ARM.Collect$$$$0000000A)
    _main_init                               0x0800019d   Thumb Code     0  entry9a.o(.ARM.Collect$$$$0000000B)
    __rt_final_cpp                           0x080001a5   Thumb Code     0  entry10a.o(.ARM.Collect$$$$0000000D)
    __rt_final_exit                          0x080001a5   Thumb Code     0  entry11a.o(.ARM.Collect$$$$0000000F)
    __scatterload                            0x080001a9   Thumb Code    28  init.o(.text)
    __scatterload_rt2                        0x080001a9   Thumb Code     0  init.o(.text)
    __scatterload_copy                       0x080001cd   Thumb Code    14  handlers.o(i.__scatterload_copy)
    __scatterload_null                       0x080001db   Thumb Code     2  handlers.o(i.__scatterload_null)
    __scatterload_zeroinit                   0x080001dd   Thumb Code    14  handlers.o(i.__scatterload_zeroinit)
    Region$$Table$$Base                      0x080001ec   Number         0  anon$$obj.o(Region$$Table)
    Region$$Table$$Limit                     0x0800020c   Number         0  anon$$obj.o(Region$$Table)
    Reset_Handler                            0x08001801   Thumb Code     8  startup_stm32f303xe.o(.text)
    ADC1_2_IRQHandler                        0x0800181b   Thumb Code     0  startup_stm32f303xe.o(.text)
    ADC3_IRQHandler                          0x0800181b   Thumb Code     0  startup_stm32f303xe.o(.text)
    ADC4_IRQHandler                          0x0800181b   Thumb Code     0  startup_stm32f303xe.o(.text)
    CAN_RX1_IRQHandler                       0x0800181b   Thumb Code     0  startup_stm32f303xe.o(.text)
    CAN_SCE_IRQHandler                       0x0800181b   Thumb Code     0  startup_stm32f303xe.o(.text)
    COMP1_2_3_IRQHandler                     0x0800181b   Thumb Code     0  startup_stm32f303xe.o(.text)
    COMP4_5_6_IRQHandler                     0x0800181b   Thumb Code     0  startup_stm32f303xe.o(.text)
    COMP7_IRQHandler                         0x0800181b   Thumb Code     0  startup_stm32f303xe.o(.text)
    DMA1_Channel1_IRQHandler                 0x0800181b   Thumb Code     0  startup_stm32f303xe.o(.text)
    DMA1_Channel2_IRQHandler                 0x0800181b   Thumb Code     0  startup_stm32f303xe.o(.text)
    DMA1_Channel3_IRQHandler                 0x0800181b   Thumb Code     0  startup_stm32f303xe.o(.text)
    DMA1_Channel4_IRQHandler                 0x0800181b   Thumb Code     0  startup_stm32f303xe.o(.text)
    DMA1_Channel5_IRQHandler                 0x0800181b   Thumb Code     0  startup_stm32f303xe.o(.text)
    DMA1_Channel6_IRQHandler                 0x0800181b   Thumb Code     0  startup_stm32f303xe.o(.text)
    DMA1_Channel7_IRQHandler                 0x0800181b   Thumb Code     0  startup_stm32f303xe.o(.text)
    DMA2_Channel1_IRQHandler                 0x0800181b   Thumb Code     0  startup_stm32f303xe.o(.text)
    DMA2_Channel2_IRQHandler                 0x0800181b   Thumb Code     0  startup_stm32f303xe.o(.text)
    DMA2_Channel3_IRQHandler                 0x0800181b   Thumb Code     0  startup_stm32f303xe.o(.text)
    DMA2_Channel4_IRQHandler                 0x0800181b   Thumb Code     0  startup_stm32f303xe.o(.text)
    DMA2_Channel5_IRQHandler                 0x0800181b   Thumb Code     0  startup_stm32f303xe.o(.text)
    EXTI1_IRQHandler                         0x0800181b   Thumb Code     0  startup_stm32f303xe.o(.text)
    EXTI2_TSC_IRQHandler                     0x0800181b   Thumb Code     0  startup_stm32f303xe.o(.text)
    EXTI3_IRQHandler                         0x0800181b   Thumb Code     0  startup_stm32f303xe.o(.text)
    EXTI4_IRQHandler                         0x0800181b   Thumb Code     0  startup_stm32f303xe.o(.text)
    EXTI9_5_IRQHandler                       0x0800181b   Thumb Code     0  startup_stm32f303xe.o(.text)
    FLASH_IRQHandler                         0x0800181b   Thumb Code     0  startup_stm32f303xe.o(.text)
    FMC_IRQHandler                           0x0800181b   Thumb Code     0  startup_stm32f303xe.o(.text)
    FPU_IRQHandler                           0x0800181b   Thumb Code     0  startup_stm32f303xe.o(.text)
    I2C1_ER_IRQHandler                       0x0800181b   Thumb Code     0  startup_stm32f303xe.o(.text)
    I2C1_EV_IRQHandler                       0x0800181b   Thumb Code     0  startup_stm32f303xe.o(.text)
    I2C2_ER_IRQHandler                       0x0800181b   Thumb Code     0  startup_stm32f303xe.o(.text)
    I2C2_EV_IRQHandler                       0x0800181b   Thumb Code     0  startup_stm32f303xe.o(.text)
    I2C3_ER_IRQHandler                       0x0800181b   Thumb Code     0  startup_stm32f303xe.o(.text)
    I2C3_EV_IRQHandler                       0x0800181b   Thumb Code     0  startup_stm32f303xe.o(.text)
    PVD_IRQHandler                           0x0800181b   Thumb Code     0  startup_stm32f303xe.o(.text)
    RCC_IRQHandler                           0x0800181b   Thumb Code     0  startup_stm32f303xe.o(.text)
    RTC_Alarm_IRQHandler                     0x0800181b   Thumb Code     0  startup_stm32f303xe.o(.text)
    RTC_WKUP_IRQHandler                      0x0800181b   Thumb Code     0  startup_stm32f303xe.o(.text)
    SPI1_IRQHandler                          0x0800181b   Thumb Code     0  startup_stm32f303xe.o(.text)
    SPI2_IRQHandler                          0x0800181b   Thumb Code     0  startup_stm32f303xe.o(.text)
    SPI3_IRQHandler                          0x0800181b   Thumb Code     0  startup_stm32f303xe.o(.text)
    SPI4_IRQHandler                          0x0800181b   Thumb Code     0  startup_stm32f303xe.o(.text)
    TAMP_STAMP_IRQHandler                    0x0800181b   Thumb Code     0  startup_stm32f303xe.o(.text)
    TIM1_BRK_TIM15_IRQHandler                0x0800181b   Thumb Code     0  startup_stm32f303xe.o(.text)
    TIM1_CC_IRQHandler                       0x0800181b   Thumb Code     0  startup_stm32f303xe.o(.text)
    TIM1_TRG_COM_TIM17_IRQHandler            0x0800181b   Thumb Code     0  startup_stm32f303xe.o(.text)
    TIM1_UP_TIM16_IRQHandler                 0x0800181b   Thumb Code     0  startup_stm32f303xe.o(.text)
    TIM20_BRK_IRQHandler                     0x0800181b   Thumb Code     0  startup_stm32f303xe.o(.text)
    TIM20_CC_IRQHandler                      0x0800181b   Thumb Code     0  startup_stm32f303xe.o(.text)
    TIM20_TRG_COM_IRQHandler                 0x0800181b   Thumb Code     0  startup_stm32f303xe.o(.text)
    TIM20_UP_IRQHandler                      0x0800181b   Thumb Code     0  startup_stm32f303xe.o(.text)
    TIM3_IRQHandler                          0x0800181b   Thumb Code     0  startup_stm32f303xe.o(.text)
    TIM4_IRQHandler                          0x0800181b   Thumb Code     0  startup_stm32f303xe.o(.text)
    TIM6_DAC_IRQHandler                      0x0800181b   Thumb Code     0  startup_stm32f303xe.o(.text)
    TIM7_IRQHandler                          0x0800181b   Thumb Code     0  startup_stm32f303xe.o(.text)
    TIM8_BRK_IRQHandler                      0x0800181b   Thumb Code     0  startup_stm32f303xe.o(.text)
    TIM8_CC_IRQHandler                       0x0800181b   Thumb Code     0  startup_stm32f303xe.o(.text)
    TIM8_TRG_COM_IRQHandler                  0x0800181b   Thumb Code     0  startup_stm32f303xe.o(.text)
    TIM8_UP_IRQHandler                       0x0800181b   Thumb Code     0  startup_stm32f303xe.o(.text)
    UART4_IRQHandler                         0x0800181b   Thumb Code     0  startup_stm32f303xe.o(.text)
    UART5_IRQHandler                         0x0800181b   Thumb Code     0  startup_stm32f303xe.o(.text)
    USART1_IRQHandler                        0x0800181b   Thumb Code     0  startup_stm32f303xe.o(.text)
    USART2_IRQHandler                        0x0800181b   Thumb Code     0  startup_stm32f303xe.o(.text)
    USART3_IRQHandler                        0x0800181b   Thumb Code     0  startup_stm32f303xe.o(.text)
    USBWakeUp_IRQHandler                     0x0800181b   Thumb Code     0  startup_stm32f303xe.o(.text)
    USBWakeUp_RMP_IRQHandler                 0x0800181b   Thumb Code     0  startup_stm32f303xe.o(.text)
    USB_HP_CAN_TX_IRQHandler                 0x0800181b   Thumb Code     0  startup_stm32f303xe.o(.text)
    USB_HP_IRQHandler                        0x0800181b   Thumb Code     0  startup_stm32f303xe.o(.text)
    USB_LP_CAN_RX0_IRQHandler                0x0800181b   Thumb Code     0  startup_stm32f303xe.o(.text)
    WWDG_IRQHandler                          0x0800181b   Thumb Code     0  startup_stm32f303xe.o(.text)
    __aeabi_llsr                             0x08001825   Thumb Code    32  llushr.o(.text)
    _ll_ushift_r                             0x08001825   Thumb Code     0  llushr.o(.text)
    __aeabi_memcpy                           0x08001845   Thumb Code    36  memcpya.o(.text)
    __aeabi_memcpy4                          0x08001845   Thumb Code     0  memcpya.o(.text)
    __aeabi_memcpy8                          0x08001845   Thumb Code     0  memcpya.o(.text)
    __aeabi_memset                           0x08001869   Thumb Code    14  memseta.o(.text)
    __aeabi_memset4                          0x08001869   Thumb Code     0  memseta.o(.text)
    __aeabi_memset8                          0x08001869   Thumb Code     0  memseta.o(.text)
    __aeabi_memclr                           0x08001877   Thumb Code     4  memseta.o(.text)
    __aeabi_memclr4                          0x08001877   Thumb Code     0  memseta.o(.text)
    __aeabi_memclr8                          0x08001877   Thumb Code     0  memseta.o(.text)
    _memset$wrapper                          0x0800187b   Thumb Code    18  memseta.o(.text)
    APP_safeoutput                           0x0800188d   Thumb Code    14  middlesoes.o(i.APP_safeoutput)
    BusFault_Handler                         0x080018a1   Thumb Code     4  stm32f3xx_it.o(i.BusFault_Handler)
    DIG_process                              0x080018a5   Thumb Code   318  middlesoes.o(i.DIG_process)
    DebugMon_Handler                         0x08001a01   Thumb Code     2  stm32f3xx_it.o(i.DebugMon_Handler)
    ESC_ALerror                              0x08001a05   Thumb Code    24  esc.o(i.ESC_ALerror)
    ESC_ALstatus                             0x08001a21   Thumb Code    24  esc.o(i.ESC_ALstatus)
    ESC_ReadAlEvent                          0x08001a3d   Thumb Code    12  esc.o(i.ESC_ReadAlEvent)
    ESC_SMack                                0x08001a4d   Thumb Code    22  esc.o(i.ESC_SMack)
    ESC_SMdisable                            0x08001a65   Thumb Code    26  esc.o(i.ESC_SMdisable)
    ESC_SMenable                             0x08001a85   Thumb Code    26  esc.o(i.ESC_SMenable)
    ESC_SMstatus                             0x08001aa5   Thumb Code    42  esc.o(i.ESC_SMstatus)
    ESC_SMwritepdi                           0x08001ad5   Thumb Code    28  esc.o(i.ESC_SMwritepdi)
    ESC_ackmbxread                           0x08001af5   Thumb Code    48  esc.o(i.ESC_ackmbxread)
    ESC_address                              0x08001b29   Thumb Code    26  esc.o(i.ESC_address)
    ESC_checkSM23                            0x08001b49   Thumb Code   128  esc.o(i.ESC_checkSM23)
    ESC_checkmbx                             0x08001bd5   Thumb Code   154  esc.o(i.ESC_checkmbx)
    ESC_checkmbxboot                         0x08001c75   Thumb Code   154  esc.o(i.ESC_checkmbxboot)
    ESC_claimbuffer                          0x08001d15   Thumb Code   106  esc.o(i.ESC_claimbuffer)
    ESC_coeprocess                           0x08001d8d   Thumb Code   272  esc_coe.o(i.ESC_coeprocess)
    ESC_init                                 0x08001eb1   Thumb Code     8  esc.o(i.ESC_init)
    ESC_mbxprocess                           0x08001eb9   Thumb Code   452  esc.o(i.ESC_mbxprocess)
    ESC_objecthandler                        0x0800208d   Thumb Code   192  middlesoes.o(i.ESC_objecthandler)
    ESC_outreqbuffer                         0x08002171   Thumb Code    22  esc.o(i.ESC_outreqbuffer)
    ESC_pre_objecthandler                    0x0800218d   Thumb Code    74  esc_coe.o(i.ESC_pre_objecthandler)
    ESC_read                                 0x080021e5   Thumb Code   102  esc.o(i.ESC_read)
    ESC_readmbx                              0x0800224d   Thumb Code   150  esc.o(i.ESC_readmbx)
    ESC_reset                                0x080022f1   Thumb Code     2  esc.o(i.ESC_reset)
    ESC_startinput                           0x080022f5   Thumb Code    70  esc.o(i.ESC_startinput)
    ESC_startmbx                             0x08002345   Thumb Code    86  esc.o(i.ESC_startmbx)
    ESC_startmbxboot                         0x080023a5   Thumb Code    86  esc.o(i.ESC_startmbxboot)
    ESC_startoutput                          0x08002405   Thumb Code    26  esc.o(i.ESC_startoutput)
    ESC_state                                0x08002425   Thumb Code   784  esc.o(i.ESC_state)
    ESC_stopinput                            0x0800274d   Thumb Code    22  esc.o(i.ESC_stopinput)
    ESC_stopmbx                              0x08002769   Thumb Code    74  esc.o(i.ESC_stopmbx)
    ESC_stopoutput                           0x080027c1   Thumb Code    26  esc.o(i.ESC_stopoutput)
    ESC_write                                0x080027e1   Thumb Code   102  esc.o(i.ESC_write)
    ESC_writembx                             0x08002849   Thumb Code   110  esc.o(i.ESC_writembx)
    ESC_xoeprocess                           0x080028c1   Thumb Code    62  esc.o(i.ESC_xoeprocess)
    EXTI0_IRQHandler                         0x08002911   Thumb Code    20  driverhwlaninterrupt.o(i.EXTI0_IRQHandler)
    EXTI15_10_IRQHandler                     0x08002929   Thumb Code    40  driverhwlaninterrupt.o(i.EXTI15_10_IRQHandler)
    Error_Handler                            0x08002955   Thumb Code     4  main.o(i.Error_Handler)
    FLASH_PageErase                          0x08002981   Thumb Code    32  stm32f3xx_hal_flash_ex.o(i.FLASH_PageErase)
    FLASH_WaitForLastOperation               0x08002a11   Thumb Code    96  stm32f3xx_hal_flash.o(i.FLASH_WaitForLastOperation)
    HAL_FLASHEx_Erase                        0x08002a75   Thumb Code   166  stm32f3xx_hal_flash_ex.o(i.HAL_FLASHEx_Erase)
    HAL_FLASH_Program                        0x08002b25   Thumb Code   168  stm32f3xx_hal_flash.o(i.HAL_FLASH_Program)
    HAL_FLASH_Unlock                         0x08002bd5   Thumb Code    30  stm32f3xx_hal_flash.o(i.HAL_FLASH_Unlock)
    HAL_GPIO_EXTI_Callback                   0x08002c01   Thumb Code    88  driverhwlaninterrupt.o(i.HAL_GPIO_EXTI_Callback)
    HAL_GPIO_EXTI_IRQHandler                 0x08002c71   Thumb Code    24  stm32f3xx_hal_gpio.o(i.HAL_GPIO_EXTI_IRQHandler)
    HAL_GPIO_Init                            0x08002c8d   Thumb Code   452  stm32f3xx_hal_gpio.o(i.HAL_GPIO_Init)
    HAL_GPIO_WritePin                        0x08002e75   Thumb Code    10  stm32f3xx_hal_gpio.o(i.HAL_GPIO_WritePin)
    HAL_GetTick                              0x08002e81   Thumb Code     6  stm32f3xx_hal.o(i.HAL_GetTick)
    HAL_IncTick                              0x08002e8d   Thumb Code    12  stm32f3xx_hal.o(i.HAL_IncTick)
    HAL_Init                                 0x08002e9d   Thumb Code    34  stm32f3xx_hal.o(i.HAL_Init)
    HAL_InitTick                             0x08002ec5   Thumb Code    36  stm32f3xx_hal.o(i.HAL_InitTick)
    HAL_MspInit                              0x08002eed   Thumb Code   114  stm32f3xx_hal_msp.o(i.HAL_MspInit)
    HAL_NVIC_SetPriority                     0x08002f65   Thumb Code   124  stm32f3xx_hal_cortex.o(i.HAL_NVIC_SetPriority)
    HAL_NVIC_SetPriorityGrouping             0x08002fe1   Thumb Code    32  stm32f3xx_hal_cortex.o(i.HAL_NVIC_SetPriorityGrouping)
    HAL_PCD_DataInStageCallback              0x08003009   Thumb Code    32  usbd_conf.o(i.HAL_PCD_DataInStageCallback)
    HAL_PCD_DataOutStageCallback             0x08003029   Thumb Code    32  usbd_conf.o(i.HAL_PCD_DataOutStageCallback)
    HAL_PCD_EP_ClrStall                      0x08003049   Thumb Code   288  stm32f3xx_hal_pcd.o(i.HAL_PCD_EP_ClrStall)
    HAL_PCD_EP_Open                          0x08003169   Thumb Code  1302  stm32f3xx_hal_pcd.o(i.HAL_PCD_EP_Open)
    HAL_PCD_EP_Receive                       0x0800367f   Thumb Code   338  stm32f3xx_hal_pcd.o(i.HAL_PCD_EP_Receive)
    HAL_PCD_EP_SetStall                      0x080037d1   Thumb Code   234  stm32f3xx_hal_pcd.o(i.HAL_PCD_EP_SetStall)
    HAL_PCD_EP_Transmit                      0x080038bb   Thumb Code   312  stm32f3xx_hal_pcd.o(i.HAL_PCD_EP_Transmit)
    HAL_PCD_IRQHandler                       0x080039f3   Thumb Code   356  stm32f3xx_hal_pcd.o(i.HAL_PCD_IRQHandler)
    HAL_PCD_ResetCallback                    0x08003b57   Thumb Code    42  usbd_conf.o(i.HAL_PCD_ResetCallback)
    HAL_PCD_ResumeCallback                   0x08003b81   Thumb Code    14  usbd_conf.o(i.HAL_PCD_ResumeCallback)
    HAL_PCD_SOFCallback                      0x08003b8f   Thumb Code    14  usbd_conf.o(i.HAL_PCD_SOFCallback)
    HAL_PCD_SetAddress                       0x08003b9d   Thumb Code    54  stm32f3xx_hal_pcd.o(i.HAL_PCD_SetAddress)
    HAL_PCD_SetupStageCallback               0x08003bd3   Thumb Code    18  usbd_conf.o(i.HAL_PCD_SetupStageCallback)
    HAL_PCD_SuspendCallback                  0x08003be5   Thumb Code    30  usbd_conf.o(i.HAL_PCD_SuspendCallback)
    HAL_RCCEx_PeriphCLKConfig                0x08003c09   Thumb Code   926  stm32f3xx_hal_rcc_ex.o(i.HAL_RCCEx_PeriphCLKConfig)
    HAL_RCC_ClockConfig                      0x08003fb5   Thumb Code   732  stm32f3xx_hal_rcc.o(i.HAL_RCC_ClockConfig)
    HAL_RCC_GetHCLKFreq                      0x080042a1   Thumb Code     6  stm32f3xx_hal_rcc.o(i.HAL_RCC_GetHCLKFreq)
    HAL_RCC_GetSysClockFreq                  0x080042ad   Thumb Code   130  stm32f3xx_hal_rcc.o(i.HAL_RCC_GetSysClockFreq)
    HAL_RCC_OscConfig                        0x08004345   Thumb Code  2558  stm32f3xx_hal_rcc.o(i.HAL_RCC_OscConfig)
    HAL_SPI_Init                             0x08004d4d   Thumb Code   206  stm32f3xx_hal_spi.o(i.HAL_SPI_Init)
    HAL_SPI_MspInit                          0x08004e1d   Thumb Code   144  stm32f3xx_hal_msp.o(i.HAL_SPI_MspInit)
    HAL_SPI_TransmitReceive                  0x08004ebd   Thumb Code   836  stm32f3xx_hal_spi.o(i.HAL_SPI_TransmitReceive)
    HAL_SYSTICK_CLKSourceConfig              0x08005201   Thumb Code    40  stm32f3xx_hal_cortex.o(i.HAL_SYSTICK_CLKSourceConfig)
    HAL_SYSTICK_Callback                     0x08005229   Thumb Code     2  stm32f3xx_hal_cortex.o(i.HAL_SYSTICK_Callback)
    HAL_SYSTICK_Config                       0x0800522b   Thumb Code    52  stm32f3xx_hal_cortex.o(i.HAL_SYSTICK_Config)
    HAL_SYSTICK_IRQHandler                   0x0800525f   Thumb Code     8  stm32f3xx_hal_cortex.o(i.HAL_SYSTICK_IRQHandler)
    HAL_TIMEx_BreakCallback                  0x08005267   Thumb Code     2  stm32f3xx_hal_tim_ex.o(i.HAL_TIMEx_BreakCallback)
    HAL_TIMEx_CommutationCallback            0x08005269   Thumb Code     2  stm32f3xx_hal_tim_ex.o(i.HAL_TIMEx_CommutationCallback)
    HAL_TIM_IC_CaptureCallback               0x0800526b   Thumb Code     2  stm32f3xx_hal_tim.o(i.HAL_TIM_IC_CaptureCallback)
    HAL_TIM_IRQHandler                       0x0800526d   Thumb Code   406  stm32f3xx_hal_tim.o(i.HAL_TIM_IRQHandler)
    HAL_TIM_OC_DelayElapsedCallback          0x08005403   Thumb Code     2  stm32f3xx_hal_tim.o(i.HAL_TIM_OC_DelayElapsedCallback)
    HAL_TIM_PWM_PulseFinishedCallback        0x08005405   Thumb Code     2  stm32f3xx_hal_tim.o(i.HAL_TIM_PWM_PulseFinishedCallback)
    HAL_TIM_PeriodElapsedCallback            0x08005409   Thumb Code    40  driverhwecatticktimer.o(i.HAL_TIM_PeriodElapsedCallback)
    HAL_TIM_TriggerCallback                  0x0800543d   Thumb Code     2  stm32f3xx_hal_tim.o(i.HAL_TIM_TriggerCallback)
    HardFault_Handler                        0x0800543f   Thumb Code     4  stm32f3xx_it.o(i.HardFault_Handler)
    MBX_error                                0x08005445   Thumb Code    44  esc.o(i.MBX_error)
    MemManage_Handler                        0x08005479   Thumb Code     4  stm32f3xx_it.o(i.MemManage_Handler)
    NMI_Handler                              0x0800547d   Thumb Code     2  stm32f3xx_it.o(i.NMI_Handler)
    PCD_ReadPMA                              0x080058e5   Thumb Code    34  stm32f3xx_hal_pcd_ex.o(i.PCD_ReadPMA)
    PCD_WritePMA                             0x08005907   Thumb Code    52  stm32f3xx_hal_pcd_ex.o(i.PCD_WritePMA)
    PDIReadAlEventReg                        0x0800593b   Thumb Code    20  driverswlan9252.o(i.PDIReadAlEventReg)
    PDIReadLAN9252DirectReg                  0x0800594f   Thumb Code    16  driverswlan9252.o(i.PDIReadLAN9252DirectReg)
    PDIReadReg                               0x0800595f   Thumb Code    38  driverswlan9252.o(i.PDIReadReg)
    PDIWriteReg                              0x08005985   Thumb Code    38  driverswlan9252.o(i.PDIWriteReg)
    PDI_Init                                 0x080059ad   Thumb Code    26  driverswlan9252.o(i.PDI_Init)
    PendSV_Handler                           0x080059d9   Thumb Code     2  stm32f3xx_it.o(i.PendSV_Handler)
    RXPDO_update                             0x080059dd   Thumb Code    30  middlesoes.o(i.RXPDO_update)
    SDO_abort                                0x08005a09   Thumb Code    68  esc_coe.o(i.SDO_abort)
    SDO_download                             0x08005a55   Thumb Code   350  esc_coe.o(i.SDO_download)
    SDO_findobject                           0x08005bd9   Thumb Code    48  esc_coe.o(i.SDO_findobject)
    SDO_findsubindex                         0x08005c0d   Thumb Code    80  esc_coe.o(i.SDO_findsubindex)
    SDO_geted                                0x08005c61   Thumb Code   268  esc_coe.o(i.SDO_geted)
    SDO_getod                                0x08005d85   Thumb Code   270  esc_coe.o(i.SDO_getod)
    SDO_getodlist                            0x08005ea9   Thumb Code   334  esc_coe.o(i.SDO_getodlist)
    SDO_getodlistcont                        0x0800600d   Thumb Code   198  esc_coe.o(i.SDO_getodlistcont)
    SDO_infoerror                            0x080060e5   Thumb Code    76  esc_coe.o(i.SDO_infoerror)
    SDO_upload                               0x08006139   Thumb Code   340  esc_coe.o(i.SDO_upload)
    SDO_uploadsegment                        0x080062a5   Thumb Code   164  esc_coe.o(i.SDO_uploadsegment)
    SPIReadBurstMode                         0x08006355   Thumb Code    54  driverswlan9252.o(i.SPIReadBurstMode)
    SPIReadDWord                             0x0800638d   Thumb Code    56  driverswlan9252.o(i.SPIReadDWord)
    SPIReadPDRamRegister                     0x080063c9   Thumb Code   286  driverswlan9252.o(i.SPIReadPDRamRegister)
    SPIReadRegUsingCSR                       0x080064e7   Thumb Code   110  driverswlan9252.o(i.SPIReadRegUsingCSR)
    SPISendAddr                              0x08006555   Thumb Code    32  driverswlan9252.o(i.SPISendAddr)
    SPIWriteBurstMode                        0x08006575   Thumb Code    48  driverswlan9252.o(i.SPIWriteBurstMode)
    SPIWriteByte                             0x080065a5   Thumb Code    12  driverswlan9252.o(i.SPIWriteByte)
    SPIWriteBytes                            0x080065b1   Thumb Code    72  driverswlan9252.o(i.SPIWriteBytes)
    SPIWriteDWord                            0x080065fd   Thumb Code    88  driverswlan9252.o(i.SPIWriteDWord)
    SPIWritePDRamRegister                    0x0800665d   Thumb Code   286  driverswlan9252.o(i.SPIWritePDRamRegister)
    SPIWriteRegUsingCSR                      0x0800677b   Thumb Code   110  driverswlan9252.o(i.SPIWriteRegUsingCSR)
    SVC_Handler                              0x0800697f   Thumb Code     2  stm32f3xx_it.o(i.SVC_Handler)
    SysTick_Handler                          0x08006981   Thumb Code    12  stm32f3xx_it.o(i.SysTick_Handler)
    SystemClock_Config                       0x0800698d   Thumb Code   156  main.o(i.SystemClock_Config)
    SystemInit                               0x08006a2d   Thumb Code   104  system_stm32f3xx.o(i.SystemInit)
    TIM2_IRQHandler                          0x08006aa9   Thumb Code    10  driverhwecatticktimer.o(i.TIM2_IRQHandler)
    TXPDO_update                             0x08006ab9   Thumb Code    42  middlesoes.o(i.TXPDO_update)
    USBD_ClrClassConfig                      0x08006af1   Thumb Code    22  usbd_core.o(i.USBD_ClrClassConfig)
    USBD_CtlContinueRx                       0x08006b4b   Thumb Code    24  usbd_ioreq.o(i.USBD_CtlContinueRx)
    USBD_CtlContinueSendData                 0x08006b63   Thumb Code    24  usbd_ioreq.o(i.USBD_CtlContinueSendData)
    USBD_CtlError                            0x08006b7b   Thumb Code    24  usbd_ctlreq.o(i.USBD_CtlError)
    USBD_CtlReceiveStatus                    0x08006b93   Thumb Code    26  usbd_ioreq.o(i.USBD_CtlReceiveStatus)
    USBD_CtlSendData                         0x08006bad   Thumb Code    34  usbd_ioreq.o(i.USBD_CtlSendData)
    USBD_CtlSendStatus                       0x08006bcf   Thumb Code    26  usbd_ioreq.o(i.USBD_CtlSendStatus)
    USBD_LL_ClearStallEP                     0x08006dc5   Thumb Code    20  usbd_conf.o(i.USBD_LL_ClearStallEP)
    USBD_LL_DataInStage                      0x08006dd9   Thumb Code   218  usbd_core.o(i.USBD_LL_DataInStage)
    USBD_LL_DataOutStage                     0x08006eb3   Thumb Code   134  usbd_core.o(i.USBD_LL_DataOutStage)
    USBD_LL_IsStallEP                        0x08006f39   Thumb Code    56  usbd_conf.o(i.USBD_LL_IsStallEP)
    USBD_LL_OpenEP                           0x08006f71   Thumb Code    32  usbd_conf.o(i.USBD_LL_OpenEP)
    USBD_LL_PrepareReceive                   0x08006f91   Thumb Code    32  usbd_conf.o(i.USBD_LL_PrepareReceive)
    USBD_LL_Reset                            0x08006fb1   Thumb Code    68  usbd_core.o(i.USBD_LL_Reset)
    USBD_LL_Resume                           0x08006ff5   Thumb Code    14  usbd_core.o(i.USBD_LL_Resume)
    USBD_LL_SOF                              0x08007003   Thumb Code    34  usbd_core.o(i.USBD_LL_SOF)
    USBD_LL_SetSpeed                         0x08007025   Thumb Code     8  usbd_core.o(i.USBD_LL_SetSpeed)
    USBD_LL_SetUSBAddress                    0x0800702d   Thumb Code    20  usbd_conf.o(i.USBD_LL_SetUSBAddress)
    USBD_LL_SetupStage                       0x08007041   Thumb Code   110  usbd_core.o(i.USBD_LL_SetupStage)
    USBD_LL_StallEP                          0x080070af   Thumb Code    20  usbd_conf.o(i.USBD_LL_StallEP)
    USBD_LL_Suspend                          0x080070c3   Thumb Code    20  usbd_core.o(i.USBD_LL_Suspend)
    USBD_LL_Transmit                         0x080070d7   Thumb Code    32  usbd_conf.o(i.USBD_LL_Transmit)
    USBD_ParseSetupRequest                   0x080070f7   Thumb Code    40  usbd_ctlreq.o(i.USBD_ParseSetupRequest)
    USBD_RunTestMode                         0x0800711f   Thumb Code     6  usbd_core.o(i.USBD_RunTestMode)
    USBD_SetClassConfig                      0x08007179   Thumb Code    34  usbd_core.o(i.USBD_SetClassConfig)
    USBD_StdDevReq                           0x080072a1   Thumb Code   114  usbd_ctlreq.o(i.USBD_StdDevReq)
    USBD_StdEPReq                            0x08007313   Thumb Code   342  usbd_ctlreq.o(i.USBD_StdEPReq)
    USBD_StdItfReq                           0x08007469   Thumb Code    74  usbd_ctlreq.o(i.USBD_StdItfReq)
    USB_LP_IRQHandler                        0x080074b5   Thumb Code    10  stm32f3xx_it.o(i.USB_LP_IRQHandler)
    UsageFault_Handler                       0x080074c5   Thumb Code     4  stm32f3xx_it.o(i.UsageFault_Handler)
    copy2mbx                                 0x080074c9   Thumb Code    20  esc_coe.o(i.copy2mbx)
    driverHWEEPROMInit                       0x0800759d   Thumb Code   648  driverhweeprom.o(i.driverHWEEPROMInit)
    driverHWEEPROMReadVariable               0x08007945   Thumb Code    94  driverhweeprom.o(i.driverHWEEPROMReadVariable)
    driverHWEEPROMWriteVariable              0x08007a51   Thumb Code    36  driverhweeprom.o(i.driverHWEEPROMWriteVariable)
    driverHWSPI1Init                         0x08007a75   Thumb Code   134  driverhwspi1.o(i.driverHWSPI1Init)
    driverHWSPI1SetCS                        0x08007b0d   Thumb Code    18  driverhwspi1.o(i.driverHWSPI1SetCS)
    driverHWSPI1Write                        0x08007b25   Thumb Code    60  driverhwspi1.o(i.driverHWSPI1Write)
    driverHWSPI1WriteRead                    0x08007b65   Thumb Code   116  driverhwspi1.o(i.driverHWSPI1WriteRead)
    driverHWSPI1WriteSingleByte              0x08007bdd   Thumb Code    16  driverhwspi1.o(i.driverHWSPI1WriteSingleByte)
    driverHWSPI3Init                         0x08007bed   Thumb Code   100  driverhwspi3.o(i.driverHWSPI3Init)
    driverHWSPI3Write                        0x08007c5d   Thumb Code    60  driverhwspi3.o(i.driverHWSPI3Write)
    driverHWSPI3WriteRead                    0x08007c9d   Thumb Code   116  driverhwspi3.o(i.driverHWSPI3WriteRead)
    driverHWSetOutput                        0x08007d15   Thumb Code    36  driverhwstatus.o(i.driverHWSetOutput)
    driverHWStatusInit                       0x08007d3d   Thumb Code   136  driverhwstatus.o(i.driverHWStatusInit)
    driverSWMPU9250CheckSensorPresent        0x08007dcd   Thumb Code    24  driverswmpu9250.o(i.driverSWMPU9250CheckSensorPresent)
    driverSWMPU9250DeviceSelect              0x08007de5   Thumb Code    64  driverswmpu9250.o(i.driverSWMPU9250DeviceSelect)
    driverSWMPU9250GetID                     0x08007e25   Thumb Code    14  driverswmpu9250.o(i.driverSWMPU9250GetID)
    driverSWMPU9250Init                      0x08007e35   Thumb Code   102  driverswmpu9250.o(i.driverSWMPU9250Init)
    driverSWMPU9250InitMPU                   0x08007ea1   Thumb Code    72  driverswmpu9250.o(i.driverSWMPU9250InitMPU)
    driverSWMPU9250ReadAllInternalSensors    0x08007eed   Thumb Code   252  driverswmpu9250.o(i.driverSWMPU9250ReadAllInternalSensors)
    driverSWMPU9250ReadRegisters             0x08007ff5   Thumb Code    48  driverswmpu9250.o(i.driverSWMPU9250ReadRegisters)
    driverSWMPU9250ReadSingleRegister        0x08008025   Thumb Code    50  driverswmpu9250.o(i.driverSWMPU9250ReadSingleRegister)
    driverSWMPU9250SMagnetometerStartTranfer 0x08008057   Thumb Code    36  driverswmpu9250.o(i.driverSWMPU9250SMagnetometerStartTranfer)
    driverSWMPU9250SelectChipOnCS0           0x0800807b   Thumb Code    20  driverswmpu9250.o(i.driverSWMPU9250SelectChipOnCS0)
    driverSWMPU9250SelectChipOnCS1           0x0800808f   Thumb Code    20  driverswmpu9250.o(i.driverSWMPU9250SelectChipOnCS1)
    driverSWMPU9250SetAccRange               0x080080a5   Thumb Code   130  driverswmpu9250.o(i.driverSWMPU9250SetAccRange)
    driverSWMPU9250SetGyroRange              0x0800813d   Thumb Code   136  driverswmpu9250.o(i.driverSWMPU9250SetGyroRange)
    driverSWMPU9250SetMUX                    0x080081d9   Thumb Code    20  driverswmpu9250.o(i.driverSWMPU9250SetMUX)
    driverSWMPU9250WriteRegister             0x080081ed   Thumb Code    44  driverswmpu9250.o(i.driverSWMPU9250WriteRegister)
    driverSWStorageManagerGetOffsetFromLocation 0x08008219   Thumb Code    20  driverswstoragemanager.o(i.driverSWStorageManagerGetOffsetFromLocation)
    driverSWStorageManagerGetStruct          0x0800822d   Thumb Code    64  driverswstoragemanager.o(i.driverSWStorageManagerGetStruct)
    driverSWStorageManagerGetStructSize      0x08008271   Thumb Code    24  driverswstoragemanager.o(i.driverSWStorageManagerGetStructSize)
    driverSWStorageManagerInit               0x0800828d   Thumb Code    86  driverswstoragemanager.o(i.driverSWStorageManagerInit)
    driverSWStorageManagerStoreStruct        0x080082f5   Thumb Code    64  driverswstoragemanager.o(i.driverSWStorageManagerStoreStruct)
    free                                     0x08008339   Thumb Code    76  malloc.o(i.free)
    main                                     0x08008389   Thumb Code   124  main.o(i.main)
    mainSOESConfigBufferUpdateHandler        0x0800841d   Thumb Code    52  main.o(i.mainSOESConfigBufferUpdateHandler)
    mainSOESReadBufferUpdateHandler          0x0800845d   Thumb Code   128  main.o(i.mainSOESReadBufferUpdateHandler)
    malloc                                   0x080084e5   Thumb Code    92  malloc.o(i.malloc)
    middleMPUInit                            0x08008551   Thumb Code    62  middlempu.o(i.middleMPUInit)
    middleMPUNewDataEvent                    0x08008595   Thumb Code     8  middlempu.o(i.middleMPUNewDataEvent)
    middleMPUTask                            0x080085a1   Thumb Code    68  middlempu.o(i.middleMPUTask)
    middleMPUTaskManagePresence              0x080085f5   Thumb Code   166  middlempu.o(i.middleMPUTaskManagePresence)
    middleMPUUpdateConfig                    0x080086ad   Thumb Code    50  middlempu.o(i.middleMPUUpdateConfig)
    middleSOESConfigBufferUpdateEvent        0x080086e5   Thumb Code     8  middlesoes.o(i.middleSOESConfigBufferUpdateEvent)
    middleSOESInit                           0x080086f1   Thumb Code   106  middlesoes.o(i.middleSOESInit)
    middleSOESReadBufferUpdateEvent          0x08008775   Thumb Code     8  middlesoes.o(i.middleSOESReadBufferUpdateEvent)
    middleSOESTask                           0x08008781   Thumb Code    90  middlesoes.o(i.middleSOESTask)
    modConfigInit                            0x080087f1   Thumb Code    10  modconfig.o(i.modConfigInit)
    modConfigLoadConfig                      0x08008805   Thumb Code    12  modconfig.o(i.modConfigLoadConfig)
    modConfigStoreAndLoadDefaultConfig       0x08008815   Thumb Code    24  modconfig.o(i.modConfigStoreAndLoadDefaultConfig)
    modConfigStoreConfig                     0x08008831   Thumb Code    12  modconfig.o(i.modConfigStoreConfig)
    modConfigStoreDefaultConfig              0x08008841   Thumb Code    26  modconfig.o(i.modConfigStoreDefaultConfig)
    modDelayInit                             0x08008861   Thumb Code     2  moddelay.o(i.modDelayInit)
    modDelayTick100ms                        0x08008865   Thumb Code    52  moddelay.o(i.modDelayTick100ms)
    modDelayTick1ms                          0x080088a1   Thumb Code    32  moddelay.o(i.modDelayTick1ms)
    modEffectChangeState                     0x080088c1   Thumb Code    48  modeffect.o(i.modEffectChangeState)
    modEffectInit                            0x080088f5   Thumb Code    12  modeffect.o(i.modEffectInit)
    modEffectTask                            0x08008901   Thumb Code   138  modeffect.o(i.modEffectTask)
    modEffectTaskBlinkLong                   0x08008991   Thumb Code   118  modeffect.o(i.modEffectTaskBlinkLong)
    modEffectTaskBlinkShort                  0x08008a15   Thumb Code   118  modeffect.o(i.modEffectTaskBlinkShort)
    modEffectTaskFlash                       0x08008a99   Thumb Code    38  modeffect.o(i.modEffectTaskFlash)
    modEffectTaskFlashFast                   0x08008ac9   Thumb Code    38  modeffect.o(i.modEffectTaskFlashFast)
    newIMUDataEventHandler                   0x08008af9   Thumb Code    16  main.o(i.newIMUDataEventHandler)
    sizeRXPDO                                0x08008b0d   Thumb Code   156  esc_coe.o(i.sizeRXPDO)
    sizeTXPDO                                0x08008bb1   Thumb Code   156  esc_coe.o(i.sizeTXPDO)
    aPLLMULFactorTable                       0x08008c54   Data          16  stm32f3xx_hal_rcc.o(.constdata)
    aPredivFactorTable                       0x08008c64   Data          16  stm32f3xx_hal_rcc.o(.constdata)
    STATPorts                                0x08008c74   Data          12  driverhwstatus.o(.constdata)
    SDO1000                                  0x080090f4   Data          20  objectlist.o(.constdata)
    SDO1008                                  0x08009108   Data          20  objectlist.o(.constdata)
    SDO1009                                  0x0800911c   Data          20  objectlist.o(.constdata)
    SDO100A                                  0x08009130   Data          20  objectlist.o(.constdata)
    SDO1018                                  0x08009144   Data         100  objectlist.o(.constdata)
    SDO1600                                  0x080091a8   Data          60  objectlist.o(.constdata)
    SDO1A00                                  0x080091e4   Data         180  objectlist.o(.constdata)
    SDO1A01                                  0x08009298   Data         180  objectlist.o(.constdata)
    SDO1C00                                  0x0800934c   Data         100  objectlist.o(.constdata)
    SDO1C12                                  0x080093b0   Data          40  objectlist.o(.constdata)
    SDO1C13                                  0x080093d8   Data          60  objectlist.o(.constdata)
    SDO6000                                  0x08009414   Data         160  objectlist.o(.constdata)
    SDO6001                                  0x080094b4   Data         160  objectlist.o(.constdata)
    SDO7000                                  0x08009554   Data          40  objectlist.o(.constdata)
    SDO8000                                  0x0800957c   Data          60  objectlist.o(.constdata)
    SDOobjects                               0x080095b8   Data         224  objectlist.o(.constdata)
    AHBPrescTable                            0x08009698   Data          16  system_stm32f3xx.o(.constdata)
    APBPrescTable                            0x080096a8   Data           8  system_stm32f3xx.o(.constdata)
    uwTick                                   0x20000000   Data           4  stm32f3xx_hal.o(.data)
    driverHWECATTickTimercallBackTickFunction 0x20000004   Data           4  driverhwecatticktimer.o(.data)
    driverHWECATTick                         0x20000008   Data           4  driverhwecatticktimer.o(.data)
    driverHWECATTickTimerInterruptActive     0x2000000c   Data           1  driverhwecatticktimer.o(.data)
    DataVar                                  0x2000000e   Data           2  driverhweeprom.o(.data)
    driverHWEEPROMNumberOfVars               0x20000010   Data           2  driverhweeprom.o(.data)
    driverHWLANInterruptcallBackIRQFunction  0x20000014   Data           4  driverhwlaninterrupt.o(.data)
    driverHWLANInterruptcallBackSYNC0Function 0x20000018   Data           4  driverhwlaninterrupt.o(.data)
    driverHWLANInterruptcallBackSYNC1Function 0x2000001c   Data           4  driverhwlaninterrupt.o(.data)
    driverHWLANInterruptcallBackIRQActive    0x20000020   Data           1  driverhwlaninterrupt.o(.data)
    driverHWLANInterruptcallBackSYNC0Active  0x20000021   Data           1  driverhwlaninterrupt.o(.data)
    driverHWLANInterruptcallBackSYNC1Active  0x20000022   Data           1  driverhwlaninterrupt.o(.data)
    driverHWLANInterruptInitialized          0x20000023   Data           1  driverhwlaninterrupt.o(.data)
    driverSWLAN9252TimerHandler              0x20000024   Data           4  driverswlan9252.o(.data)
    driverSWLAN9252IRQHandler                0x20000028   Data           4  driverswlan9252.o(.data)
    driverSWLAN9252SYNC0Handler              0x2000002c   Data           4  driverswlan9252.o(.data)
    driverSWLAN9252SYNC1Handler              0x20000030   Data           4  driverswlan9252.o(.data)
    RunLedje                                 0x20000034   Data           1  driverswlan9252.o(.data)
    ErrorLedje                               0x20000035   Data           1  driverswlan9252.o(.data)
    driverSWMPU9250AccDivider                0x20000038   Data           4  driverswmpu9250.o(.data)
    driverSWMPU9250GyroDivider               0x2000003c   Data           4  driverswmpu9250.o(.data)
    driverHWEEPROMVirtAddVarTab              0x20000040   Data           4  driverswstoragemanager.o(.data)
    driverSWStorageManagerConfigEmpty        0x20000044   Data           1  driverswstoragemanager.o(.data)
    driverSWStorageManagerStateOfChargeEmpty 0x20000045   Data           1  driverswstoragemanager.o(.data)
    driverSWStorageManagerDataSize           0x20000046   Data           2  driverswstoragemanager.o(.data)
    driverSWStorageManagerConfigStructSize   0x20000048   Data           2  driverswstoragemanager.o(.data)
    MBXcontrol                               0x20000050   Data           3  middlesoes.o(.data)
    MBXrun                                   0x20000053   Data           1  middlesoes.o(.data)
    SM2_sml                                  0x20000054   Data           2  middlesoes.o(.data)
    SM3_sml                                  0x20000056   Data           2  middlesoes.o(.data)
    middleSOESReadBufferBooleansBuffer       0x20000058   Data           3  middlesoes.o(.data)
    middleSOESWriteBuffer                    0x2000005b   Data           1  middlesoes.o(.data)
    middleSOESConfigBuffer                   0x2000005c   Data           2  middlesoes.o(.data)
    App                                      0x2000005e   Data           1  middlesoes.o(.data)
    TXPDOsize                                0x20000060   Data           2  middlesoes.o(.data)
    RXPDOsize                                0x20000062   Data           2  middlesoes.o(.data)
    wd_cnt                                   0x20000064   Data           4  middlesoes.o(.data)
    digoutput                                0x20000068   Data           1  middlesoes.o(.data)
    diginput                                 0x20000069   Data           1  middlesoes.o(.data)
    txpdomap                                 0x2000006a   Data           2  middlesoes.o(.data)
    rxpdomap                                 0x2000006c   Data           2  middlesoes.o(.data)
    txpdoitems                               0x2000006e   Data           1  middlesoes.o(.data)
    rxpdoitems                               0x2000006f   Data           1  middlesoes.o(.data)
    middleSOESReadBufferUpdateEventFunctionPointer 0x20000070   Data           4  middlesoes.o(.data)
    middleSOESConfigBufferUpdateEventFunctionPointer 0x20000074   Data           4  middlesoes.o(.data)
    middleMPUGetSamplesLastTick              0x2000007c   Data           4  middlempu.o(.data)
    middleMPUGetMagnetoLastTick              0x20000080   Data           4  middlempu.o(.data)
    middleMPUGetPresentLastTick              0x20000084   Data           4  middlempu.o(.data)
    middleMPUInitDelayLastTick               0x20000088   Data           4  middlempu.o(.data)
    middleMPUSensorConfig                    0x2000008c   Data           2  middlempu.o(.data)
    middleMPUEventFunctionPointer            0x20000090   Data           4  middlempu.o(.data)
    modConfigGeneralConfig                   0x20000096   Data           2  modconfig.o(.data)
    STATStatuses                             0x200000a0   Data           8  modeffect.o(.data)
    SystemCoreClock                          0x200000c8   Data           4  system_stm32f3xx.o(.data)
    mainMPUConfig                            0x200000cc   Data           2  main.o(.data)
    generalSensorConfig                      0x200000d0   Data           4  main.o(.data)
    __microlib_freelist                      0x200000d4   Data           4  mvars.o(.data)
    __microlib_freelist_initialised          0x200000d8   Data           4  mvars.o(.data)
    pFlash                                   0x200000e0   Data          32  stm32f3xx_hal_flash.o(.bss)
    driverHWECATTickTimerTIM2                0x20000100   Data          60  driverhwecatticktimer.o(.bss)
    driverHWSPI1Handle                       0x2000013c   Data         100  driverhwspi1.o(.bss)
    driverHWSPI3Handle                       0x200001a0   Data         100  driverhwspi3.o(.bss)
    hpcd_USB_FS                              0x20000204   Data         936  usbd_conf.o(.bss)
    ESCvar                                   0x200007cc   Data          76  middlesoes.o(.bss)
    MBX                                      0x20000818   Data         384  middlesoes.o(.bss)
    middleSOESReadBuffer                     0x20000998   Data          50  middlesoes.o(.bss)
    middleMPUData                            0x200009cc   Data          88  middlempu.o(.bss)
    mainMPUSensorDataStruct                  0x20000a24   Data          88  main.o(.bss)
    __heap_base                              0x20000a80   Data           0  startup_stm32f303xe.o(HEAP)
    __heap_limit                             0x20000c80   Data           0  startup_stm32f303xe.o(HEAP)
    __initial_sp                             0x20001080   Data           0  startup_stm32f303xe.o(STACK)



==============================================================================

Memory Map of the image

  Image Entry point : 0x08000195

  Load Region LR_IROM1 (Base: 0x08000000, Size: 0x000002e8, Max: 0x00000400, ABSOLUTE)

    Execution Region ER_IROM1 (Base: 0x08000000, Size: 0x0000020c, Max: 0x00000400, ABSOLUTE)

    Base Addr    Size         Type   Attr      Idx    E Section Name        Object

    0x08000000   0x00000194   Data   RO         6004    RESET               startup_stm32f303xe.o
    0x08000194   0x00000000   Code   RO         6280  * .ARM.Collect$$$$00000000  mc_w.l(entry.o)
    0x08000194   0x00000004   Code   RO         6323    .ARM.Collect$$$$00000001  mc_w.l(entry2.o)
    0x08000198   0x00000004   Code   RO         6326    .ARM.Collect$$$$00000004  mc_w.l(entry5.o)
    0x0800019c   0x00000000   Code   RO         6328    .ARM.Collect$$$$00000008  mc_w.l(entry7b.o)
    0x0800019c   0x00000000   Code   RO         6330    .ARM.Collect$$$$0000000A  mc_w.l(entry8b.o)
    0x0800019c   0x00000008   Code   RO         6331    .ARM.Collect$$$$0000000B  mc_w.l(entry9a.o)
    0x080001a4   0x00000000   Code   RO         6333    .ARM.Collect$$$$0000000D  mc_w.l(entry10a.o)
    0x080001a4   0x00000000   Code   RO         6335    .ARM.Collect$$$$0000000F  mc_w.l(entry11a.o)
    0x080001a4   0x00000004   Code   RO         6324    .ARM.Collect$$$$00002712  mc_w.l(entry2.o)
    0x080001a8   0x00000024   Code   RO         6339    .text               mc_w.l(init.o)
    0x080001cc   0x0000000e   Code   RO         6343    i.__scatterload_copy  mc_w.l(handlers.o)
    0x080001da   0x00000002   Code   RO         6344    i.__scatterload_null  mc_w.l(handlers.o)
    0x080001dc   0x0000000e   Code   RO         6345    i.__scatterload_zeroinit  mc_w.l(handlers.o)
    0x080001ea   0x00000002   PAD
    0x080001ec   0x00000020   Data   RO         6341    Region$$Table       anon$$obj.o


    Execution Region RW_IRAM1 (Base: 0x20000000, Size: 0x00001080, Max: 0x00010000, ABSOLUTE)

    Base Addr    Size         Type   Attr      Idx    E Section Name        Object

    0x20000000   0x00000004   Data   RW         1188    .data               stm32f3xx_hal.o
    0x20000004   0x00000009   Data   RW         3475    .data               driverhwecatticktimer.o
    0x2000000d   0x00000001   PAD
    0x2000000e   0x00000004   Data   RW         3546    .data               driverhweeprom.o
    0x20000012   0x00000002   PAD
    0x20000014   0x00000010   Data   RW         3624    .data               driverhwlaninterrupt.o
    0x20000024   0x00000012   Data   RW         4293    .data               driverswlan9252.o
    0x20000036   0x00000002   PAD
    0x20000038   0x00000008   Data   RW         4490    .data               driverswmpu9250.o
    0x20000040   0x0000000a   Data   RW         4687    .data               driverswstoragemanager.o
    0x2000004a   0x00000002   PAD
    0x2000004c   0x00000004   Data   RW         4776    .data               esc.o
    0x20000050   0x00000028   Data   RW         5235    .data               middlesoes.o
    0x20000078   0x00000001   Data   RW         5502    .data               usbd_ctlreq.o
    0x20000079   0x00000003   PAD
    0x2000007c   0x0000001a   Data   RW         5728    .data               middlempu.o
    0x20000096   0x00000002   Data   RW         5848    .data               modconfig.o
    0x20000098   0x00000008   Data   RW         5904    .data               moddelay.o
    0x200000a0   0x00000025   Data   RW         5946    .data               modeffect.o
    0x200000c5   0x00000003   PAD
    0x200000c8   0x00000004   Data   RW         6181    .data               system_stm32f3xx.o
    0x200000cc   0x00000008   Data   RW         6222    .data               main.o
    0x200000d4   0x00000004   Data   RW         6337    .data               mc_w.l(mvars.o)
    0x200000d8   0x00000004   Data   RW         6338    .data               mc_w.l(mvars.o)
    0x200000dc   0x00000004   PAD
    0x200000e0   0x00000020   Zero   RW          406    .bss                stm32f3xx_hal_flash.o
    0x20000100   0x0000003c   Zero   RW         3474    .bss                driverhwecatticktimer.o
    0x2000013c   0x00000064   Zero   RW         3742    .bss                driverhwspi1.o
    0x200001a0   0x00000064   Zero   RW         3798    .bss                driverhwspi3.o
    0x20000204   0x000005c8   Zero   RW         4020    .bss                usbd_conf.o
    0x200007cc   0x000001fe   Zero   RW         5234    .bss                middlesoes.o
    0x200009ca   0x00000002   PAD
    0x200009cc   0x00000058   Zero   RW         5727    .bss                middlempu.o
    0x20000a24   0x00000058   Zero   RW         6221    .bss                main.o
    0x20000a7c   0x00000004   PAD
    0x20000a80   0x00000200   Zero   RW         6003    HEAP                startup_stm32f303xe.o
    0x20000c80   0x00000400   Zero   RW         6002    STACK               startup_stm32f303xe.o



  Load Region LR_IROM2 (Base: 0x08001800, Size: 0x00007ecc, Max: 0x0001e800, ABSOLUTE)

    Execution Region ER_IROM2 (Base: 0x08001800, Size: 0x00007ecc, Max: 0x0001e800, ABSOLUTE)

    Base Addr    Size         Type   Attr      Idx    E Section Name        Object

    0x08001800   0x00000024   Code   RO         6005    .text               startup_stm32f303xe.o
    0x08001824   0x00000020   Code   RO         6285    .text               mc_w.l(llushr.o)
    0x08001844   0x00000024   Code   RO         6287    .text               mc_w.l(memcpya.o)
    0x08001868   0x00000024   Code   RO         6289    .text               mc_w.l(memseta.o)
    0x0800188c   0x00000014   Code   RO         5225    i.APP_safeoutput    middlesoes.o
    0x080018a0   0x00000004   Code   RO         6096    i.BusFault_Handler  stm32f3xx_it.o
    0x080018a4   0x0000015c   Code   RO         5226    i.DIG_process       middlesoes.o
    0x08001a00   0x00000002   Code   RO         6097    i.DebugMon_Handler  stm32f3xx_it.o
    0x08001a02   0x00000002   PAD
    0x08001a04   0x0000001c   Code   RO         4742    i.ESC_ALerror       esc.o
    0x08001a20   0x0000001c   Code   RO         4743    i.ESC_ALstatus      esc.o
    0x08001a3c   0x00000010   Code   RO         4744    i.ESC_ReadAlEvent   esc.o
    0x08001a4c   0x00000016   Code   RO         4745    i.ESC_SMack         esc.o
    0x08001a62   0x00000002   PAD
    0x08001a64   0x00000020   Code   RO         4746    i.ESC_SMdisable     esc.o
    0x08001a84   0x00000020   Code   RO         4747    i.ESC_SMenable      esc.o
    0x08001aa4   0x00000030   Code   RO         4748    i.ESC_SMstatus      esc.o
    0x08001ad4   0x00000020   Code   RO         4749    i.ESC_SMwritepdi    esc.o
    0x08001af4   0x00000034   Code   RO         4751    i.ESC_ackmbxread    esc.o
    0x08001b28   0x00000020   Code   RO         4752    i.ESC_address       esc.o
    0x08001b48   0x0000008c   Code   RO         4753    i.ESC_checkSM23     esc.o
    0x08001bd4   0x000000a0   Code   RO         4754    i.ESC_checkmbx      esc.o
    0x08001c74   0x000000a0   Code   RO         4755    i.ESC_checkmbxboot  esc.o
    0x08001d14   0x00000078   Code   RO         4756    i.ESC_claimbuffer   esc.o
    0x08001d8c   0x00000124   Code   RO         4986    i.ESC_coeprocess    esc_coe.o
    0x08001eb0   0x00000008   Code   RO         4758    i.ESC_init          esc.o
    0x08001eb8   0x000001d4   Code   RO         4759    i.ESC_mbxprocess    esc.o
    0x0800208c   0x000000e4   Code   RO         5227    i.ESC_objecthandler  middlesoes.o
    0x08002170   0x0000001c   Code   RO         4760    i.ESC_outreqbuffer  esc.o
    0x0800218c   0x00000058   Code   RO         4987    i.ESC_pre_objecthandler  esc_coe.o
    0x080021e4   0x00000066   Code   RO         4761    i.ESC_read          esc.o
    0x0800224a   0x00000002   PAD
    0x0800224c   0x000000a4   Code   RO         4762    i.ESC_readmbx       esc.o
    0x080022f0   0x00000002   Code   RO         4763    i.ESC_reset         esc.o
    0x080022f2   0x00000002   PAD
    0x080022f4   0x00000050   Code   RO         4764    i.ESC_startinput    esc.o
    0x08002344   0x00000060   Code   RO         4765    i.ESC_startmbx      esc.o
    0x080023a4   0x00000060   Code   RO         4766    i.ESC_startmbxboot  esc.o
    0x08002404   0x00000020   Code   RO         4767    i.ESC_startoutput   esc.o
    0x08002424   0x00000328   Code   RO         4768    i.ESC_state         esc.o
    0x0800274c   0x0000001c   Code   RO         4769    i.ESC_stopinput     esc.o
    0x08002768   0x00000058   Code   RO         4770    i.ESC_stopmbx       esc.o
    0x080027c0   0x00000020   Code   RO         4771    i.ESC_stopoutput    esc.o
    0x080027e0   0x00000066   Code   RO         4772    i.ESC_write         esc.o
    0x08002846   0x00000002   PAD
    0x08002848   0x00000078   Code   RO         4773    i.ESC_writembx      esc.o
    0x080028c0   0x00000050   Code   RO         4774    i.ESC_xoeprocess    esc.o
    0x08002910   0x00000018   Code   RO         3614    i.EXTI0_IRQHandler  driverhwlaninterrupt.o
    0x08002928   0x0000002c   Code   RO         3615    i.EXTI15_10_IRQHandler  driverhwlaninterrupt.o
    0x08002954   0x00000004   Code   RO         6215    i.Error_Handler     main.o
    0x08002958   0x00000028   Code   RO         1631    i.FLASH_MassErase   stm32f3xx_hal_flash_ex.o
    0x08002980   0x00000028   Code   RO         1640    i.FLASH_PageErase   stm32f3xx_hal_flash_ex.o
    0x080029a8   0x00000020   Code   RO          392    i.FLASH_Program_HalfWord  stm32f3xx_hal_flash.o
    0x080029c8   0x00000048   Code   RO          393    i.FLASH_SetErrorCode  stm32f3xx_hal_flash.o
    0x08002a10   0x00000064   Code   RO          394    i.FLASH_WaitForLastOperation  stm32f3xx_hal_flash.o
    0x08002a74   0x000000b0   Code   RO         1641    i.HAL_FLASHEx_Erase  stm32f3xx_hal_flash_ex.o
    0x08002b24   0x000000b0   Code   RO          403    i.HAL_FLASH_Program  stm32f3xx_hal_flash.o
    0x08002bd4   0x0000002c   Code   RO          405    i.HAL_FLASH_Unlock  stm32f3xx_hal_flash.o
    0x08002c00   0x00000070   Code   RO         3616    i.HAL_GPIO_EXTI_Callback  driverhwlaninterrupt.o
    0x08002c70   0x0000001c   Code   RO          497    i.HAL_GPIO_EXTI_IRQHandler  stm32f3xx_hal_gpio.o
    0x08002c8c   0x000001e8   Code   RO          498    i.HAL_GPIO_Init     stm32f3xx_hal_gpio.o
    0x08002e74   0x0000000a   Code   RO          502    i.HAL_GPIO_WritePin  stm32f3xx_hal_gpio.o
    0x08002e7e   0x00000002   PAD
    0x08002e80   0x0000000c   Code   RO         1180    i.HAL_GetTick       stm32f3xx_hal.o
    0x08002e8c   0x00000010   Code   RO         1181    i.HAL_IncTick       stm32f3xx_hal.o
    0x08002e9c   0x00000028   Code   RO         1182    i.HAL_Init          stm32f3xx_hal.o
    0x08002ec4   0x00000028   Code   RO         1183    i.HAL_InitTick      stm32f3xx_hal.o
    0x08002eec   0x00000078   Code   RO         6016    i.HAL_MspInit       stm32f3xx_hal_msp.o
    0x08002f64   0x0000007c   Code   RO         3348    i.HAL_NVIC_SetPriority  stm32f3xx_hal_cortex.o
    0x08002fe0   0x00000028   Code   RO         3349    i.HAL_NVIC_SetPriorityGrouping  stm32f3xx_hal_cortex.o
    0x08003008   0x00000020   Code   RO         3991    i.HAL_PCD_DataInStageCallback  usbd_conf.o
    0x08003028   0x00000020   Code   RO         3992    i.HAL_PCD_DataOutStageCallback  usbd_conf.o
    0x08003048   0x00000120   Code   RO         3080    i.HAL_PCD_EP_ClrStall  stm32f3xx_hal_pcd.o
    0x08003168   0x00000516   Code   RO         3083    i.HAL_PCD_EP_Open   stm32f3xx_hal_pcd.o
    0x0800367e   0x00000152   Code   RO         3084    i.HAL_PCD_EP_Receive  stm32f3xx_hal_pcd.o
    0x080037d0   0x000000ea   Code   RO         3085    i.HAL_PCD_EP_SetStall  stm32f3xx_hal_pcd.o
    0x080038ba   0x00000138   Code   RO         3086    i.HAL_PCD_EP_Transmit  stm32f3xx_hal_pcd.o
    0x080039f2   0x00000164   Code   RO         3088    i.HAL_PCD_IRQHandler  stm32f3xx_hal_pcd.o
    0x08003b56   0x0000002a   Code   RO         3998    i.HAL_PCD_ResetCallback  usbd_conf.o
    0x08003b80   0x0000000e   Code   RO         3999    i.HAL_PCD_ResumeCallback  usbd_conf.o
    0x08003b8e   0x0000000e   Code   RO         4000    i.HAL_PCD_SOFCallback  usbd_conf.o
    0x08003b9c   0x00000036   Code   RO         3097    i.HAL_PCD_SetAddress  stm32f3xx_hal_pcd.o
    0x08003bd2   0x00000012   Code   RO         4001    i.HAL_PCD_SetupStageCallback  usbd_conf.o
    0x08003be4   0x00000024   Code   RO         4002    i.HAL_PCD_SuspendCallback  usbd_conf.o
    0x08003c08   0x000003ac   Code   RO         1039    i.HAL_RCCEx_PeriphCLKConfig  stm32f3xx_hal_rcc_ex.o
    0x08003fb4   0x000002ec   Code   RO         2638    i.HAL_RCC_ClockConfig  stm32f3xx_hal_rcc.o
    0x080042a0   0x0000000c   Code   RO         2643    i.HAL_RCC_GetHCLKFreq  stm32f3xx_hal_rcc.o
    0x080042ac   0x00000098   Code   RO         2647    i.HAL_RCC_GetSysClockFreq  stm32f3xx_hal_rcc.o
    0x08004344   0x00000a08   Code   RO         2650    i.HAL_RCC_OscConfig  stm32f3xx_hal_rcc.o
    0x08004d4c   0x000000ce   Code   RO         2750    i.HAL_SPI_Init      stm32f3xx_hal_spi.o
    0x08004e1a   0x00000002   PAD
    0x08004e1c   0x000000a0   Code   RO         6018    i.HAL_SPI_MspInit   stm32f3xx_hal_msp.o
    0x08004ebc   0x00000344   Code   RO         2759    i.HAL_SPI_TransmitReceive  stm32f3xx_hal_spi.o
    0x08005200   0x00000028   Code   RO         3351    i.HAL_SYSTICK_CLKSourceConfig  stm32f3xx_hal_cortex.o
    0x08005228   0x00000002   Code   RO         3352    i.HAL_SYSTICK_Callback  stm32f3xx_hal_cortex.o
    0x0800522a   0x00000034   Code   RO         3353    i.HAL_SYSTICK_Config  stm32f3xx_hal_cortex.o
    0x0800525e   0x00000008   Code   RO         3354    i.HAL_SYSTICK_IRQHandler  stm32f3xx_hal_cortex.o
    0x08005266   0x00000002   Code   RO         1358    i.HAL_TIMEx_BreakCallback  stm32f3xx_hal_tim_ex.o
    0x08005268   0x00000002   Code   RO         1359    i.HAL_TIMEx_CommutationCallback  stm32f3xx_hal_tim_ex.o
    0x0800526a   0x00000002   Code   RO         1940    i.HAL_TIM_IC_CaptureCallback  stm32f3xx_hal_tim.o
    0x0800526c   0x00000196   Code   RO         1953    i.HAL_TIM_IRQHandler  stm32f3xx_hal_tim.o
    0x08005402   0x00000002   Code   RO         1956    i.HAL_TIM_OC_DelayElapsedCallback  stm32f3xx_hal_tim.o
    0x08005404   0x00000002   Code   RO         1983    i.HAL_TIM_PWM_PulseFinishedCallback  stm32f3xx_hal_tim.o
    0x08005406   0x00000002   PAD
    0x08005408   0x00000034   Code   RO         3467    i.HAL_TIM_PeriodElapsedCallback  driverhwecatticktimer.o
    0x0800543c   0x00000002   Code   RO         1994    i.HAL_TIM_TriggerCallback  stm32f3xx_hal_tim.o
    0x0800543e   0x00000004   Code   RO         6098    i.HardFault_Handler  stm32f3xx_it.o
    0x08005442   0x00000002   PAD
    0x08005444   0x00000034   Code   RO         4775    i.MBX_error         esc.o
    0x08005478   0x00000004   Code   RO         6099    i.MemManage_Handler  stm32f3xx_it.o
    0x0800547c   0x00000002   Code   RO         6100    i.NMI_Handler       stm32f3xx_it.o
    0x0800547e   0x00000002   PAD
    0x08005480   0x00000010   Code   RO         3355    i.NVIC_GetPriorityGrouping  stm32f3xx_hal_cortex.o
    0x08005490   0x00000028   Code   RO         3356    i.NVIC_SetPriority  stm32f3xx_hal_cortex.o
    0x080054b8   0x0000042c   Code   RO         3102    i.PCD_EP_ISR_Handler  stm32f3xx_hal_pcd.o
    0x080058e4   0x00000022   Code   RO         1869    i.PCD_ReadPMA       stm32f3xx_hal_pcd_ex.o
    0x08005906   0x00000034   Code   RO         1870    i.PCD_WritePMA      stm32f3xx_hal_pcd_ex.o
    0x0800593a   0x00000014   Code   RO         4263    i.PDIReadAlEventReg  driverswlan9252.o
    0x0800594e   0x00000010   Code   RO         4264    i.PDIReadLAN9252DirectReg  driverswlan9252.o
    0x0800595e   0x00000026   Code   RO         4265    i.PDIReadReg        driverswlan9252.o
    0x08005984   0x00000026   Code   RO         4267    i.PDIWriteReg       driverswlan9252.o
    0x080059aa   0x00000002   PAD
    0x080059ac   0x0000002c   Code   RO         4276    i.PDI_Init          driverswlan9252.o
    0x080059d8   0x00000002   Code   RO         6101    i.PendSV_Handler    stm32f3xx_it.o
    0x080059da   0x00000002   PAD
    0x080059dc   0x0000002c   Code   RO         5228    i.RXPDO_update      middlesoes.o
    0x08005a08   0x0000004c   Code   RO         4988    i.SDO_abort         esc_coe.o
    0x08005a54   0x00000184   Code   RO         4989    i.SDO_download      esc_coe.o
    0x08005bd8   0x00000034   Code   RO         4990    i.SDO_findobject    esc_coe.o
    0x08005c0c   0x00000054   Code   RO         4991    i.SDO_findsubindex  esc_coe.o
    0x08005c60   0x00000124   Code   RO         4992    i.SDO_geted         esc_coe.o
    0x08005d84   0x00000124   Code   RO         4993    i.SDO_getod         esc_coe.o
    0x08005ea8   0x00000164   Code   RO         4994    i.SDO_getodlist     esc_coe.o
    0x0800600c   0x000000d8   Code   RO         4995    i.SDO_getodlistcont  esc_coe.o
    0x080060e4   0x00000054   Code   RO         4996    i.SDO_infoerror     esc_coe.o
    0x08006138   0x0000016c   Code   RO         4997    i.SDO_upload        esc_coe.o
    0x080062a4   0x000000b0   Code   RO         4998    i.SDO_uploadsegment  esc_coe.o
    0x08006354   0x00000036   Code   RO         4282    i.SPIReadBurstMode  driverswlan9252.o
    0x0800638a   0x00000002   PAD
    0x0800638c   0x0000003c   Code   RO         4283    i.SPIReadDWord      driverswlan9252.o
    0x080063c8   0x0000011e   Code   RO         4284    i.SPIReadPDRamRegister  driverswlan9252.o
    0x080064e6   0x0000006e   Code   RO         4285    i.SPIReadRegUsingCSR  driverswlan9252.o
    0x08006554   0x00000020   Code   RO         4286    i.SPISendAddr       driverswlan9252.o
    0x08006574   0x00000030   Code   RO         4287    i.SPIWriteBurstMode  driverswlan9252.o
    0x080065a4   0x0000000c   Code   RO         4288    i.SPIWriteByte      driverswlan9252.o
    0x080065b0   0x0000004c   Code   RO         4289    i.SPIWriteBytes     driverswlan9252.o
    0x080065fc   0x00000060   Code   RO         4290    i.SPIWriteDWord     driverswlan9252.o
    0x0800665c   0x0000011e   Code   RO         4291    i.SPIWritePDRamRegister  driverswlan9252.o
    0x0800677a   0x0000006e   Code   RO         4292    i.SPIWriteRegUsingCSR  driverswlan9252.o
    0x080067e8   0x00000040   Code   RO         2785    i.SPI_EndRxTxTransaction  stm32f3xx_hal_spi.o
    0x08006828   0x000000b4   Code   RO         2792    i.SPI_WaitFifoStateUntilTimeout  stm32f3xx_hal_spi.o
    0x080068dc   0x000000a2   Code   RO         2793    i.SPI_WaitFlagStateUntilTimeout  stm32f3xx_hal_spi.o
    0x0800697e   0x00000002   Code   RO         6102    i.SVC_Handler       stm32f3xx_it.o
    0x08006980   0x0000000c   Code   RO         6103    i.SysTick_Handler   stm32f3xx_it.o
    0x0800698c   0x000000a0   Code   RO         6216    i.SystemClock_Config  main.o
    0x08006a2c   0x0000007c   Code   RO         6179    i.SystemInit        system_stm32f3xx.o
    0x08006aa8   0x00000010   Code   RO         3468    i.TIM2_IRQHandler   driverhwecatticktimer.o
    0x08006ab8   0x00000038   Code   RO         5229    i.TXPDO_update      middlesoes.o
    0x08006af0   0x00000016   Code   RO         5583    i.USBD_ClrClassConfig  usbd_core.o
    0x08006b06   0x00000044   Code   RO         5488    i.USBD_ClrFeature   usbd_ctlreq.o
    0x08006b4a   0x00000018   Code   RO         5428    i.USBD_CtlContinueRx  usbd_ioreq.o
    0x08006b62   0x00000018   Code   RO         5429    i.USBD_CtlContinueSendData  usbd_ioreq.o
    0x08006b7a   0x00000018   Code   RO         5489    i.USBD_CtlError     usbd_ctlreq.o
    0x08006b92   0x0000001a   Code   RO         5431    i.USBD_CtlReceiveStatus  usbd_ioreq.o
    0x08006bac   0x00000022   Code   RO         5432    i.USBD_CtlSendData  usbd_ioreq.o
    0x08006bce   0x0000001a   Code   RO         5433    i.USBD_CtlSendStatus  usbd_ioreq.o
    0x08006be8   0x00000050   Code   RO         5490    i.USBD_GetConfig    usbd_ctlreq.o
    0x08006c38   0x00000148   Code   RO         5491    i.USBD_GetDescriptor  usbd_ctlreq.o
    0x08006d80   0x00000044   Code   RO         5493    i.USBD_GetStatus    usbd_ctlreq.o
    0x08006dc4   0x00000014   Code   RO         4003    i.USBD_LL_ClearStallEP  usbd_conf.o
    0x08006dd8   0x000000da   Code   RO         5586    i.USBD_LL_DataInStage  usbd_core.o
    0x08006eb2   0x00000086   Code   RO         5587    i.USBD_LL_DataOutStage  usbd_core.o
    0x08006f38   0x00000038   Code   RO         4010    i.USBD_LL_IsStallEP  usbd_conf.o
    0x08006f70   0x00000020   Code   RO         4011    i.USBD_LL_OpenEP    usbd_conf.o
    0x08006f90   0x00000020   Code   RO         4012    i.USBD_LL_PrepareReceive  usbd_conf.o
    0x08006fb0   0x00000044   Code   RO         5592    i.USBD_LL_Reset     usbd_core.o
    0x08006ff4   0x0000000e   Code   RO         5593    i.USBD_LL_Resume    usbd_core.o
    0x08007002   0x00000022   Code   RO         5594    i.USBD_LL_SOF       usbd_core.o
    0x08007024   0x00000008   Code   RO         5595    i.USBD_LL_SetSpeed  usbd_core.o
    0x0800702c   0x00000014   Code   RO         4013    i.USBD_LL_SetUSBAddress  usbd_conf.o
    0x08007040   0x0000006e   Code   RO         5596    i.USBD_LL_SetupStage  usbd_core.o
    0x080070ae   0x00000014   Code   RO         4014    i.USBD_LL_StallEP   usbd_conf.o
    0x080070c2   0x00000014   Code   RO         5597    i.USBD_LL_Suspend   usbd_core.o
    0x080070d6   0x00000020   Code   RO         4017    i.USBD_LL_Transmit  usbd_conf.o
    0x080070f6   0x00000028   Code   RO         5495    i.USBD_ParseSetupRequest  usbd_ctlreq.o
    0x0800711e   0x00000006   Code   RO         5599    i.USBD_RunTestMode  usbd_core.o
    0x08007124   0x00000054   Code   RO         5496    i.USBD_SetAddress   usbd_ctlreq.o
    0x08007178   0x00000022   Code   RO         5600    i.USBD_SetClassConfig  usbd_core.o
    0x0800719a   0x00000002   PAD
    0x0800719c   0x000000e0   Code   RO         5497    i.USBD_SetConfig    usbd_ctlreq.o
    0x0800727c   0x00000024   Code   RO         5498    i.USBD_SetFeature   usbd_ctlreq.o
    0x080072a0   0x00000072   Code   RO         5499    i.USBD_StdDevReq    usbd_ctlreq.o
    0x08007312   0x00000156   Code   RO         5500    i.USBD_StdEPReq     usbd_ctlreq.o
    0x08007468   0x0000004a   Code   RO         5501    i.USBD_StdItfReq    usbd_ctlreq.o
    0x080074b2   0x00000002   PAD
    0x080074b4   0x00000010   Code   RO         6104    i.USB_LP_IRQHandler  stm32f3xx_it.o
    0x080074c4   0x00000004   Code   RO         6105    i.UsageFault_Handler  stm32f3xx_it.o
    0x080074c8   0x00000014   Code   RO         4999    i.copy2mbx          esc_coe.o
    0x080074dc   0x00000058   Code   RO         3538    i.driverHWEEPROMFindValidPage  driverhweeprom.o
    0x08007534   0x00000068   Code   RO         3539    i.driverHWEEPROMFormat  driverhweeprom.o
    0x0800759c   0x0000029c   Code   RO         3540    i.driverHWEEPROMInit  driverhweeprom.o
    0x08007838   0x0000010c   Code   RO         3541    i.driverHWEEPROMPageTransfer  driverhweeprom.o
    0x08007944   0x00000064   Code   RO         3542    i.driverHWEEPROMReadVariable  driverhweeprom.o
    0x080079a8   0x0000007c   Code   RO         3543    i.driverHWEEPROMVerifyPageFullWriteVariable  driverhweeprom.o
    0x08007a24   0x0000002c   Code   RO         3544    i.driverHWEEPROMVerifyPageFullyErased  driverhweeprom.o
    0x08007a50   0x00000024   Code   RO         3545    i.driverHWEEPROMWriteVariable  driverhweeprom.o
    0x08007a74   0x00000098   Code   RO         3737    i.driverHWSPI1Init  driverhwspi1.o
    0x08007b0c   0x00000018   Code   RO         3738    i.driverHWSPI1SetCS  driverhwspi1.o
    0x08007b24   0x00000040   Code   RO         3739    i.driverHWSPI1Write  driverhwspi1.o
    0x08007b64   0x00000078   Code   RO         3740    i.driverHWSPI1WriteRead  driverhwspi1.o
    0x08007bdc   0x00000010   Code   RO         3741    i.driverHWSPI1WriteSingleByte  driverhwspi1.o
    0x08007bec   0x00000070   Code   RO         3794    i.driverHWSPI3Init  driverhwspi3.o
    0x08007c5c   0x00000040   Code   RO         3795    i.driverHWSPI3Write  driverhwspi3.o
    0x08007c9c   0x00000078   Code   RO         3796    i.driverHWSPI3WriteRead  driverhwspi3.o
    0x08007d14   0x00000028   Code   RO         3698    i.driverHWSetOutput  driverhwstatus.o
    0x08007d3c   0x00000090   Code   RO         3699    i.driverHWStatusInit  driverhwstatus.o
    0x08007dcc   0x00000018   Code   RO         4469    i.driverSWMPU9250CheckSensorPresent  driverswmpu9250.o
    0x08007de4   0x00000040   Code   RO         4470    i.driverSWMPU9250DeviceSelect  driverswmpu9250.o
    0x08007e24   0x0000000e   Code   RO         4471    i.driverSWMPU9250GetID  driverswmpu9250.o
    0x08007e32   0x00000002   PAD
    0x08007e34   0x0000006c   Code   RO         4473    i.driverSWMPU9250Init  driverswmpu9250.o
    0x08007ea0   0x0000004c   Code   RO         4474    i.driverSWMPU9250InitMPU  driverswmpu9250.o
    0x08007eec   0x00000108   Code   RO         4476    i.driverSWMPU9250ReadAllInternalSensors  driverswmpu9250.o
    0x08007ff4   0x00000030   Code   RO         4479    i.driverSWMPU9250ReadRegisters  driverswmpu9250.o
    0x08008024   0x00000032   Code   RO         4480    i.driverSWMPU9250ReadSingleRegister  driverswmpu9250.o
    0x08008056   0x00000024   Code   RO         4482    i.driverSWMPU9250SMagnetometerStartTranfer  driverswmpu9250.o
    0x0800807a   0x00000014   Code   RO         4483    i.driverSWMPU9250SelectChipOnCS0  driverswmpu9250.o
    0x0800808e   0x00000014   Code   RO         4484    i.driverSWMPU9250SelectChipOnCS1  driverswmpu9250.o
    0x080080a2   0x00000002   PAD
    0x080080a4   0x00000098   Code   RO         4485    i.driverSWMPU9250SetAccRange  driverswmpu9250.o
    0x0800813c   0x0000009c   Code   RO         4486    i.driverSWMPU9250SetGyroRange  driverswmpu9250.o
    0x080081d8   0x00000014   Code   RO         4487    i.driverSWMPU9250SetMUX  driverswmpu9250.o
    0x080081ec   0x0000002c   Code   RO         4488    i.driverSWMPU9250WriteRegister  driverswmpu9250.o
    0x08008218   0x00000014   Code   RO         4682    i.driverSWStorageManagerGetOffsetFromLocation  driverswstoragemanager.o
    0x0800822c   0x00000044   Code   RO         4683    i.driverSWStorageManagerGetStruct  driverswstoragemanager.o
    0x08008270   0x0000001c   Code   RO         4684    i.driverSWStorageManagerGetStructSize  driverswstoragemanager.o
    0x0800828c   0x00000068   Code   RO         4685    i.driverSWStorageManagerInit  driverswstoragemanager.o
    0x080082f4   0x00000044   Code   RO         4686    i.driverSWStorageManagerStoreStruct  driverswstoragemanager.o
    0x08008338   0x00000050   Code   RO         6295    i.free              mc_w.l(malloc.o)
    0x08008388   0x00000094   Code   RO         6217    i.main              main.o
    0x0800841c   0x00000040   Code   RO         6218    i.mainSOESConfigBufferUpdateHandler  main.o
    0x0800845c   0x00000088   Code   RO         6219    i.mainSOESReadBufferUpdateHandler  main.o
    0x080084e4   0x0000006c   Code   RO         6296    i.malloc            mc_w.l(malloc.o)
    0x08008550   0x00000044   Code   RO         5722    i.middleMPUInit     middlempu.o
    0x08008594   0x0000000c   Code   RO         5723    i.middleMPUNewDataEvent  middlempu.o
    0x080085a0   0x00000054   Code   RO         5724    i.middleMPUTask     middlempu.o
    0x080085f4   0x000000b8   Code   RO         5725    i.middleMPUTaskManagePresence  middlempu.o
    0x080086ac   0x00000038   Code   RO         5726    i.middleMPUUpdateConfig  middlempu.o
    0x080086e4   0x0000000c   Code   RO         5230    i.middleSOESConfigBufferUpdateEvent  middlesoes.o
    0x080086f0   0x00000084   Code   RO         5231    i.middleSOESInit    middlesoes.o
    0x08008774   0x0000000c   Code   RO         5232    i.middleSOESReadBufferUpdateEvent  middlesoes.o
    0x08008780   0x00000070   Code   RO         5233    i.middleSOESTask    middlesoes.o
    0x080087f0   0x00000014   Code   RO         5843    i.modConfigInit     modconfig.o
    0x08008804   0x00000010   Code   RO         5844    i.modConfigLoadConfig  modconfig.o
    0x08008814   0x0000001c   Code   RO         5845    i.modConfigStoreAndLoadDefaultConfig  modconfig.o
    0x08008830   0x00000010   Code   RO         5846    i.modConfigStoreConfig  modconfig.o
    0x08008840   0x00000020   Code   RO         5847    i.modConfigStoreDefaultConfig  modconfig.o
    0x08008860   0x00000002   Code   RO         5901    i.modDelayInit      moddelay.o
    0x08008862   0x00000002   PAD
    0x08008864   0x0000003c   Code   RO         5902    i.modDelayTick100ms  moddelay.o
    0x080088a0   0x00000020   Code   RO         5903    i.modDelayTick1ms   moddelay.o
    0x080088c0   0x00000034   Code   RO         5939    i.modEffectChangeState  modeffect.o
    0x080088f4   0x0000000c   Code   RO         5940    i.modEffectInit     modeffect.o
    0x08008900   0x00000090   Code   RO         5941    i.modEffectTask     modeffect.o
    0x08008990   0x00000084   Code   RO         5942    i.modEffectTaskBlinkLong  modeffect.o
    0x08008a14   0x00000084   Code   RO         5943    i.modEffectTaskBlinkShort  modeffect.o
    0x08008a98   0x00000030   Code   RO         5944    i.modEffectTaskFlash  modeffect.o
    0x08008ac8   0x00000030   Code   RO         5945    i.modEffectTaskFlashFast  modeffect.o
    0x08008af8   0x00000014   Code   RO         6220    i.newIMUDataEventHandler  main.o
    0x08008b0c   0x000000a4   Code   RO         5000    i.sizeRXPDO         esc_coe.o
    0x08008bb0   0x000000a4   Code   RO         5001    i.sizeTXPDO         esc_coe.o
    0x08008c54   0x00000020   Data   RO         2651    .constdata          stm32f3xx_hal_rcc.o
    0x08008c74   0x0000000c   Data   RO         3700    .constdata          driverhwstatus.o
    0x08008c80   0x00000022   Data   RO         4489    .constdata          driverswmpu9250.o
    0x08008ca2   0x000009f6   Data   RO         5205    .constdata          objectlist.o
    0x08009698   0x00000018   Data   RO         6180    .constdata          system_stm32f3xx.o
    0x080096b0   0x0000001a   Data   RO         5206    .conststring        objectlist.o


==============================================================================

Image component sizes


      Code (inc. data)   RO Data    RW Data    ZI Data      Debug   Object Name

        68         18          0          9         60       2106   driverhwecatticktimer.o
      1432         70          0          4          0       8299   driverhweeprom.o
       180         32          0         16          0       3079   driverhwlaninterrupt.o
       376         32          0          0        100       4378   driverhwspi1.o
       296         20          0          0        100       3052   driverhwspi3.o
       184         12         12          0          0       2821   driverhwstatus.o
      1326         34          0         18          0      13209   driverswlan9252.o
      1096         64         34          8          0      17453   driverswmpu9250.o
       288         30          0         10          0       5574   driverswstoragemanager.o
      3288        248          0          4          0      29501   esc.o
      3108        234          0          0          0      14148   esc_coe.o
       532         52          0          8         88       4319   main.o
       404         50          0         26         88       4573   middlempu.o
       964        156          0         40        510      15903   middlesoes.o
       112         28          0          2          0       3857   modconfig.o
        94          8          0          8          0       2305   moddelay.o
       568         66          0         37          0       4927   modeffect.o
         0          0       2576          0          0       5293   objectlist.o
        36          8        404          0       1536        840   startup_stm32f303xe.o
       108         20          0          4          0       3275   stm32f3xx_hal.o
       322         22          0          0          0      32068   stm32f3xx_hal_cortex.o
       424         44          0          0         32       3825   stm32f3xx_hal_flash.o
       256         28          0          0          0       2699   stm32f3xx_hal_flash_ex.o
       526         40          0          0          0       3035   stm32f3xx_hal_gpio.o
       280         22          0          0          0       1712   stm32f3xx_hal_msp.o
      3952          0          0          0          0       8979   stm32f3xx_hal_pcd.o
        86          0          0          0          0       2029   stm32f3xx_hal_pcd_ex.o
      3480         76         32          0          0       5282   stm32f3xx_hal_rcc.o
       940         14          0          0          0       1736   stm32f3xx_hal_rcc_ex.o
      1448          0          0          0          0       5421   stm32f3xx_hal_spi.o
       414          0          0          0          0       3718   stm32f3xx_hal_tim.o
         4          0          0          0          0       1674   stm32f3xx_hal_tim_ex.o
         0          0          0          0          0     697088   stm32f3xx_hal_uart.o
        52          6          0          0          0       4878   stm32f3xx_it.o
       124         20         24          4          0       1235   system_stm32f3xx.o
         0          0          0          0          0       4392   usb_device.o
       400          6          0          0       1480      10584   usbd_conf.o
       668          0          0          0          0       8285   usbd_core.o
      1482         30          0          1          0       9651   usbd_ctlreq.o
       134          0          0          0          0       4040   usbd_ioreq.o

    ----------------------------------------------------------------------
     29488       1490       3116        212       4000     961243   Object Totals
         0          0         32          0          0          0   (incl. Generated)
        36          0          2         13          6          0   (incl. Padding)

    ----------------------------------------------------------------------

      Code (inc. data)   RO Data    RW Data    ZI Data      Debug   Library Member Name

         0          0          0          0          0          0   entry.o
         0          0          0          0          0          0   entry10a.o
         0          0          0          0          0          0   entry11a.o
         8          4          0          0          0          0   entry2.o
         4          0          0          0          0          0   entry5.o
         0          0          0          0          0          0   entry7b.o
         0          0          0          0          0          0   entry8b.o
         8          4          0          0          0          0   entry9a.o
        30          0          0          0          0          0   handlers.o
        36          8          0          0          0         68   init.o
        32          0          0          0          0         68   llushr.o
       188         20          0          0          0        160   malloc.o
        36          0          0          0          0         68   memcpya.o
        36          0          0          0          0        108   memseta.o
         0          0          0          8          0          0   mvars.o

    ----------------------------------------------------------------------
       380         36          0          8          4        472   Library Totals
         2          0          0          0          4          0   (incl. Padding)

    ----------------------------------------------------------------------

      Code (inc. data)   RO Data    RW Data    ZI Data      Debug   Library Name

       378         36          0          8          0        472   mc_w.l

    ----------------------------------------------------------------------
       380         36          0          8          4        472   Library Totals

    ----------------------------------------------------------------------

==============================================================================


      Code (inc. data)   RO Data    RW Data    ZI Data      Debug   

     29868       1526       3116        220       4004     937611   Grand Totals
     29868       1526       3116        220       4004     937611   ELF Image Totals
     29868       1526       3116        220          0          0   ROM Totals

==============================================================================

    Total RO  Size (Code + RO Data)                32984 (  32.21kB)
    Total RW  Size (RW Data + ZI Data)              4224 (   4.13kB)
    Total ROM Size (Code + RO Data + RW Data)      33204 (  32.43kB)

==============================================================================

